
*** Running vivado
    with args -log Top_MMC.vds -m64 -product Vivado -mode batch -messageDb vivado.pb -notrace -source Top_MMC.tcl


****** Vivado v2023.2 (64-bit)
  **** SW Build 4029153 on Fri Oct 13 20:13:54 MDT 2023
  **** IP Build 4028589 on Sat Oct 14 00:45:43 MDT 2023
  **** SharedData Build 4025554 on Tue Oct 10 17:18:54 MDT 2023
    ** Copyright 1986-2022 Xilinx, Inc. All Rights Reserved.
    ** Copyright 2022-2023 Advanced Micro Devices, Inc. All Rights Reserved.

source Top_MMC.tcl -notrace
Command: read_checkpoint -auto_incremental -incremental /home/krithikh/NUS-Modules/CS2100DE/Project/Project.srcs/utils_1/imports/synth_1/ALU.dcp
INFO: [Vivado 12-5825] Read reference checkpoint from /home/krithikh/NUS-Modules/CS2100DE/Project/Project.srcs/utils_1/imports/synth_1/ALU.dcp for incremental synthesis
INFO: [Vivado 12-7989] Please ensure there are no constraint changes
Command: synth_design -top Top_MMC -part xc7a100tcsg324-1
Starting synth_design
Attempting to get a license for feature 'Synthesis' and/or device 'xc7a100t'
INFO: [Common 17-349] Got license for feature 'Synthesis' and/or device 'xc7a100t'
INFO: [Device 21-403] Loading part xc7a100tcsg324-1
INFO: [Designutils 20-5440] No compile time benefit to using incremental synthesis; A full resynthesis will be run
INFO: [Designutils 20-4379] Flow is switching to default flow due to incremental criteria not met. If you would like to alter this behaviour and have the flow terminate instead, please set the following parameter config_implementation {autoIncr.Synth.RejectBehavior Terminate}
INFO: [Synth 8-7079] Multithreading enabled for synth_design using a maximum of 4 processes.
INFO: [Synth 8-7078] Launching helper process for spawning children vivado processes
INFO: [Synth 8-7075] Helper process launched with PID 58779
---------------------------------------------------------------------------------
Starting RTL Elaboration : Time (s): cpu = 00:00:02 ; elapsed = 00:00:02 . Memory (MB): peak = 2019.574 ; gain = 406.629 ; free physical = 47718 ; free virtual = 58172
---------------------------------------------------------------------------------
WARNING: [Synth 8-6901] identifier 'mem_to_reg' is used before its declaration [/home/krithikh/NUS-Modules/CS2100DE/Project/Project.srcs/sources_1/imports/krithikh/Downloads/RISCV_MMC.sv:36]
INFO: [Synth 8-6157] synthesizing module 'Top_MMC' [/home/krithikh/NUS-Modules/CS2100DE/Project/Project.srcs/sources_1/imports/Downloads/Top_MMC.sv:23]
INFO: [Synth 8-3876] $readmem data file 'AA_IROM.mem' is read successfully [/home/krithikh/NUS-Modules/CS2100DE/Project/Project.srcs/sources_1/imports/Downloads/Top_MMC.sv:69]
INFO: [Synth 8-3876] $readmem data file 'AA_DMEM.mem' is read successfully [/home/krithikh/NUS-Modules/CS2100DE/Project/Project.srcs/sources_1/imports/Downloads/Top_MMC.sv:70]
INFO: [Synth 8-6157] synthesizing module 'SevenSegDecoder' [/home/krithikh/NUS-Modules/CS2100DE/Project/Project.srcs/sources_1/imports/Downloads/SevenSegDecoder.sv:23]
INFO: [Synth 8-226] default block is never used [/home/krithikh/NUS-Modules/CS2100DE/Project/Project.srcs/sources_1/imports/Downloads/SevenSegDecoder.sv:64]
INFO: [Synth 8-6155] done synthesizing module 'SevenSegDecoder' (0#1) [/home/krithikh/NUS-Modules/CS2100DE/Project/Project.srcs/sources_1/imports/Downloads/SevenSegDecoder.sv:23]
INFO: [Synth 8-6157] synthesizing module 'RISCV_MMC' [/home/krithikh/NUS-Modules/CS2100DE/Project/Project.srcs/sources_1/imports/krithikh/Downloads/RISCV_MMC.sv:23]
INFO: [Synth 8-6157] synthesizing module 'Extend' [/home/krithikh/NUS-Modules/CS2100DE/Project/Project.srcs/sources_1/imports/krithikh/NUS-Modules/CS2100DE/Labs/week_7/week_7.srcs/sources_1/imports/Downloads/Extend.sv:23]
INFO: [Synth 8-6155] done synthesizing module 'Extend' (0#1) [/home/krithikh/NUS-Modules/CS2100DE/Project/Project.srcs/sources_1/imports/krithikh/NUS-Modules/CS2100DE/Labs/week_7/week_7.srcs/sources_1/imports/Downloads/Extend.sv:23]
INFO: [Synth 8-6157] synthesizing module 'Decoder' [/home/krithikh/NUS-Modules/CS2100DE/Project/Project.srcs/sources_1/imports/krithikh/NUS-Modules/CS2100DE/Labs/week_7/week_7.srcs/sources_1/imports/Downloads/Decoder.sv:23]
INFO: [Synth 8-155] case statement is not full and has no default [/home/krithikh/NUS-Modules/CS2100DE/Project/Project.srcs/sources_1/imports/krithikh/NUS-Modules/CS2100DE/Labs/week_7/week_7.srcs/sources_1/imports/Downloads/Decoder.sv:49]
INFO: [Synth 8-155] case statement is not full and has no default [/home/krithikh/NUS-Modules/CS2100DE/Project/Project.srcs/sources_1/imports/krithikh/NUS-Modules/CS2100DE/Labs/week_7/week_7.srcs/sources_1/imports/Downloads/Decoder.sv:79]
WARNING: [Synth 8-567] referenced signal 'opcode' should be on the sensitivity list [/home/krithikh/NUS-Modules/CS2100DE/Project/Project.srcs/sources_1/imports/krithikh/NUS-Modules/CS2100DE/Labs/week_7/week_7.srcs/sources_1/imports/Downloads/Decoder.sv:42]
WARNING: [Synth 8-567] referenced signal 'funct7' should be on the sensitivity list [/home/krithikh/NUS-Modules/CS2100DE/Project/Project.srcs/sources_1/imports/krithikh/NUS-Modules/CS2100DE/Labs/week_7/week_7.srcs/sources_1/imports/Downloads/Decoder.sv:42]
WARNING: [Synth 8-567] referenced signal 'funct3' should be on the sensitivity list [/home/krithikh/NUS-Modules/CS2100DE/Project/Project.srcs/sources_1/imports/krithikh/NUS-Modules/CS2100DE/Labs/week_7/week_7.srcs/sources_1/imports/Downloads/Decoder.sv:42]
INFO: [Synth 8-6155] done synthesizing module 'Decoder' (0#1) [/home/krithikh/NUS-Modules/CS2100DE/Project/Project.srcs/sources_1/imports/krithikh/NUS-Modules/CS2100DE/Labs/week_7/week_7.srcs/sources_1/imports/Downloads/Decoder.sv:23]
WARNING: [Synth 8-689] width (2) of port connection 'PCS' does not match port width (3) of module 'Decoder' [/home/krithikh/NUS-Modules/CS2100DE/Project/Project.srcs/sources_1/imports/krithikh/Downloads/RISCV_MMC.sv:86]
INFO: [Synth 8-6157] synthesizing module 'ALU' [/home/krithikh/NUS-Modules/CS2100DE/Project/Project.srcs/sources_1/imports/krithikh/Downloads/ALU.sv:23]
INFO: [Synth 8-6155] done synthesizing module 'ALU' (0#1) [/home/krithikh/NUS-Modules/CS2100DE/Project/Project.srcs/sources_1/imports/krithikh/Downloads/ALU.sv:23]
INFO: [Synth 8-6157] synthesizing module 'RegFile' [/home/krithikh/NUS-Modules/CS2100DE/Project/Project.srcs/sources_1/imports/krithikh/Downloads/RegFile.sv:23]
INFO: [Synth 8-6155] done synthesizing module 'RegFile' (0#1) [/home/krithikh/NUS-Modules/CS2100DE/Project/Project.srcs/sources_1/imports/krithikh/Downloads/RegFile.sv:23]
INFO: [Synth 8-6157] synthesizing module 'PC_Logic' [/home/krithikh/NUS-Modules/CS2100DE/Project/Project.srcs/sources_1/imports/krithikh/Downloads/PC_Logic.sv:34]
INFO: [Synth 8-226] default block is never used [/home/krithikh/NUS-Modules/CS2100DE/Project/Project.srcs/sources_1/imports/krithikh/Downloads/PC_Logic.sv:49]
INFO: [Synth 8-6155] done synthesizing module 'PC_Logic' (0#1) [/home/krithikh/NUS-Modules/CS2100DE/Project/Project.srcs/sources_1/imports/krithikh/Downloads/PC_Logic.sv:34]
INFO: [Synth 8-6157] synthesizing module 'ProgramCounter' [/home/krithikh/NUS-Modules/CS2100DE/Project/Project.srcs/sources_1/imports/krithikh/Downloads/ProgramCounter.sv:34]
INFO: [Synth 8-6155] done synthesizing module 'ProgramCounter' (0#1) [/home/krithikh/NUS-Modules/CS2100DE/Project/Project.srcs/sources_1/imports/krithikh/Downloads/ProgramCounter.sv:34]
INFO: [Synth 8-6157] synthesizing module 'Adder' [/home/krithikh/NUS-Modules/CS2100DE/Project/Project.srcs/sources_1/imports/Downloads/Adder.sv:23]
INFO: [Synth 8-6155] done synthesizing module 'Adder' (0#1) [/home/krithikh/NUS-Modules/CS2100DE/Project/Project.srcs/sources_1/imports/Downloads/Adder.sv:23]
INFO: [Synth 8-6155] done synthesizing module 'RISCV_MMC' (0#1) [/home/krithikh/NUS-Modules/CS2100DE/Project/Project.srcs/sources_1/imports/krithikh/Downloads/RISCV_MMC.sv:23]
INFO: [Synth 8-6155] done synthesizing module 'Top_MMC' (0#1) [/home/krithikh/NUS-Modules/CS2100DE/Project/Project.srcs/sources_1/imports/Downloads/Top_MMC.sv:23]
WARNING: [Synth 8-7129] Port instr[31] in module Decoder is either unconnected or has no load
WARNING: [Synth 8-7129] Port instr[29] in module Decoder is either unconnected or has no load
WARNING: [Synth 8-7129] Port instr[28] in module Decoder is either unconnected or has no load
WARNING: [Synth 8-7129] Port instr[27] in module Decoder is either unconnected or has no load
WARNING: [Synth 8-7129] Port instr[26] in module Decoder is either unconnected or has no load
WARNING: [Synth 8-7129] Port instr[25] in module Decoder is either unconnected or has no load
WARNING: [Synth 8-7129] Port instr[24] in module Decoder is either unconnected or has no load
WARNING: [Synth 8-7129] Port instr[23] in module Decoder is either unconnected or has no load
WARNING: [Synth 8-7129] Port instr[22] in module Decoder is either unconnected or has no load
WARNING: [Synth 8-7129] Port instr[21] in module Decoder is either unconnected or has no load
WARNING: [Synth 8-7129] Port instr[20] in module Decoder is either unconnected or has no load
WARNING: [Synth 8-7129] Port instr[19] in module Decoder is either unconnected or has no load
WARNING: [Synth 8-7129] Port instr[18] in module Decoder is either unconnected or has no load
WARNING: [Synth 8-7129] Port instr[17] in module Decoder is either unconnected or has no load
WARNING: [Synth 8-7129] Port instr[16] in module Decoder is either unconnected or has no load
WARNING: [Synth 8-7129] Port instr[15] in module Decoder is either unconnected or has no load
WARNING: [Synth 8-7129] Port instr[11] in module Decoder is either unconnected or has no load
WARNING: [Synth 8-7129] Port instr[10] in module Decoder is either unconnected or has no load
WARNING: [Synth 8-7129] Port instr[9] in module Decoder is either unconnected or has no load
WARNING: [Synth 8-7129] Port instr[8] in module Decoder is either unconnected or has no load
WARNING: [Synth 8-7129] Port instr[7] in module Decoder is either unconnected or has no load
---------------------------------------------------------------------------------
Finished RTL Elaboration : Time (s): cpu = 00:00:03 ; elapsed = 00:00:03 . Memory (MB): peak = 2095.543 ; gain = 482.598 ; free physical = 47604 ; free virtual = 58061
---------------------------------------------------------------------------------
---------------------------------------------------------------------------------
Start Handling Custom Attributes
---------------------------------------------------------------------------------
---------------------------------------------------------------------------------
Finished Handling Custom Attributes : Time (s): cpu = 00:00:03 ; elapsed = 00:00:03 . Memory (MB): peak = 2113.355 ; gain = 500.410 ; free physical = 47605 ; free virtual = 58062
---------------------------------------------------------------------------------
---------------------------------------------------------------------------------
Finished RTL Optimization Phase 1 : Time (s): cpu = 00:00:03 ; elapsed = 00:00:03 . Memory (MB): peak = 2113.355 ; gain = 500.410 ; free physical = 47605 ; free virtual = 58062
---------------------------------------------------------------------------------
Netlist sorting complete. Time (s): cpu = 00:00:00.01 ; elapsed = 00:00:00.01 . Memory (MB): peak = 2113.355 ; gain = 0.000 ; free physical = 47605 ; free virtual = 58062
INFO: [Project 1-570] Preparing netlist for logic optimization

Processing XDC Constraints
Initializing timing engine
Parsing XDC File [/home/krithikh/NUS-Modules/CS2100DE/Project/Project.srcs/constrs_1/imports/Downloads/Nexys-4-Master-2100.xdc]
Finished Parsing XDC File [/home/krithikh/NUS-Modules/CS2100DE/Project/Project.srcs/constrs_1/imports/Downloads/Nexys-4-Master-2100.xdc]
INFO: [Project 1-236] Implementation specific constraints were found while reading constraint file [/home/krithikh/NUS-Modules/CS2100DE/Project/Project.srcs/constrs_1/imports/Downloads/Nexys-4-Master-2100.xdc]. These constraints will be ignored for synthesis but will be used in implementation. Impacted constraints are listed in the file [.Xil/Top_MMC_propImpl.xdc].
Resolution: To avoid this warning, move constraints listed in [.Xil/Top_MMC_propImpl.xdc] to another XDC file and exclude this new file from synthesis with the used_in_synthesis property (File Properties dialog in GUI) and re-run elaboration/synthesis.
Completed Processing XDC Constraints

Netlist sorting complete. Time (s): cpu = 00:00:00 ; elapsed = 00:00:00 . Memory (MB): peak = 2257.137 ; gain = 0.000 ; free physical = 47586 ; free virtual = 58057
INFO: [Project 1-111] Unisim Transformation Summary:
No Unisim elements were transformed.

Constraint Validation Runtime : Time (s): cpu = 00:00:00 ; elapsed = 00:00:00 . Memory (MB): peak = 2257.172 ; gain = 0.000 ; free physical = 47586 ; free virtual = 58057
INFO: [Designutils 20-5440] No compile time benefit to using incremental synthesis; A full resynthesis will be run
INFO: [Designutils 20-4379] Flow is switching to default flow due to incremental criteria not met. If you would like to alter this behaviour and have the flow terminate instead, please set the following parameter config_implementation {autoIncr.Synth.RejectBehavior Terminate}
---------------------------------------------------------------------------------
Finished Constraint Validation : Time (s): cpu = 00:00:06 ; elapsed = 00:00:06 . Memory (MB): peak = 2257.172 ; gain = 644.227 ; free physical = 47578 ; free virtual = 58050
---------------------------------------------------------------------------------
---------------------------------------------------------------------------------
Start Loading Part and Timing Information
---------------------------------------------------------------------------------
Loading part: xc7a100tcsg324-1
---------------------------------------------------------------------------------
Finished Loading Part and Timing Information : Time (s): cpu = 00:00:06 ; elapsed = 00:00:06 . Memory (MB): peak = 2257.172 ; gain = 644.227 ; free physical = 47578 ; free virtual = 58050
---------------------------------------------------------------------------------
---------------------------------------------------------------------------------
Start Applying 'set_property' XDC Constraints
---------------------------------------------------------------------------------
---------------------------------------------------------------------------------
Finished applying 'set_property' XDC Constraints : Time (s): cpu = 00:00:06 ; elapsed = 00:00:06 . Memory (MB): peak = 2257.172 ; gain = 644.227 ; free physical = 47578 ; free virtual = 58050
---------------------------------------------------------------------------------
WARNING: [Synth 8-327] inferring latch for variable 'alu_control_reg' [/home/krithikh/NUS-Modules/CS2100DE/Project/Project.srcs/sources_1/imports/krithikh/NUS-Modules/CS2100DE/Labs/week_7/week_7.srcs/sources_1/imports/Downloads/Decoder.sv:51]
WARNING: [Synth 8-327] inferring latch for variable 'imm_src_reg' [/home/krithikh/NUS-Modules/CS2100DE/Project/Project.srcs/sources_1/imports/krithikh/NUS-Modules/CS2100DE/Labs/week_7/week_7.srcs/sources_1/imports/Downloads/Decoder.sv:55]
---------------------------------------------------------------------------------
Finished RTL Optimization Phase 2 : Time (s): cpu = 00:00:06 ; elapsed = 00:00:06 . Memory (MB): peak = 2257.172 ; gain = 644.227 ; free physical = 47578 ; free virtual = 58050
---------------------------------------------------------------------------------
---------------------------------------------------------------------------------
Start RTL Component Statistics 
---------------------------------------------------------------------------------
Detailed RTL Component Info : 
+---Adders : 
	   2 Input   33 Bit       Adders := 1     
	   2 Input   32 Bit       Adders := 1     
	   3 Input   32 Bit       Adders := 1     
	   2 Input    4 Bit       Adders := 1     
	   2 Input    3 Bit       Adders := 1     
+---XORs : 
	   2 Input     32 Bit         XORs := 1     
+---Registers : 
	               32 Bit    Registers := 2     
	               16 Bit    Registers := 1     
	                8 Bit    Registers := 1     
	                4 Bit    Registers := 2     
	                3 Bit    Registers := 1     
+---RAMs : 
	               8K Bit	(256 X 32 bit)          RAMs := 1     
	             1024 Bit	(32 X 32 bit)          RAMs := 1     
+---Muxes : 
	   2 Input   32 Bit        Muxes := 8     
	  11 Input   32 Bit        Muxes := 1     
	   3 Input   32 Bit        Muxes := 1     
	   8 Input    8 Bit        Muxes := 1     
	   8 Input    3 Bit        Muxes := 1     
	   2 Input    2 Bit        Muxes := 1     
	   3 Input    2 Bit        Muxes := 1     
	   2 Input    1 Bit        Muxes := 5     
	   8 Input    1 Bit        Muxes := 2     
	   4 Input    1 Bit        Muxes := 1     
	   3 Input    1 Bit        Muxes := 1     
---------------------------------------------------------------------------------
Finished RTL Component Statistics 
---------------------------------------------------------------------------------
---------------------------------------------------------------------------------
Start Part Resource Summary
---------------------------------------------------------------------------------
Part Resources:
DSPs: 240 (col length:80)
BRAMs: 270 (col length: RAMB18 80 RAMB36 40)
---------------------------------------------------------------------------------
Finished Part Resource Summary
---------------------------------------------------------------------------------
---------------------------------------------------------------------------------
Start Cross Boundary and Area Optimization
---------------------------------------------------------------------------------
WARNING: [Synth 8-7080] Parallel synthesis criteria is not met
---------------------------------------------------------------------------------
Finished Cross Boundary and Area Optimization : Time (s): cpu = 00:00:09 ; elapsed = 00:00:09 . Memory (MB): peak = 2257.172 ; gain = 644.227 ; free physical = 47549 ; free virtual = 58027
---------------------------------------------------------------------------------
---------------------------------------------------------------------------------
Start ROM, RAM, DSP, Shift Register and Retiming Reporting
---------------------------------------------------------------------------------

Distributed RAM: Preliminary Mapping Report (see note below)
+------------+------------------------------+-----------+----------------------+-----------------+
|Module Name | RTL Object                   | Inference | Size (Depth x Width) | Primitives      | 
+------------+------------------------------+-----------+----------------------+-----------------+
|Top_MMC     | cpu/regfile_uut/reg_bank_reg | Implied   | 32 x 32              | RAM32M x 12     | 
|Top_MMC     | data_memory_reg              | Implied   | 256 x 32             | RAM256X1S x 32  | 
+------------+------------------------------+-----------+----------------------+-----------------+

Note: The table above is a preliminary report that shows the Distributed RAMs at the current stage of the synthesis flow. Some Distributed RAMs may be reimplemented as non Distributed RAM primitives later in the synthesis flow. Multiple instantiated RAMs are reported only once.
---------------------------------------------------------------------------------
Finished ROM, RAM, DSP, Shift Register and Retiming Reporting
---------------------------------------------------------------------------------
---------------------------------------------------------------------------------
Start Applying XDC Timing Constraints
---------------------------------------------------------------------------------
---------------------------------------------------------------------------------
Finished Applying XDC Timing Constraints : Time (s): cpu = 00:00:11 ; elapsed = 00:00:11 . Memory (MB): peak = 2257.172 ; gain = 644.227 ; free physical = 47537 ; free virtual = 58022
---------------------------------------------------------------------------------
---------------------------------------------------------------------------------
Start Timing Optimization
---------------------------------------------------------------------------------
---------------------------------------------------------------------------------
Finished Timing Optimization : Time (s): cpu = 00:00:21 ; elapsed = 00:00:22 . Memory (MB): peak = 2286.629 ; gain = 673.684 ; free physical = 47452 ; free virtual = 57937
---------------------------------------------------------------------------------
---------------------------------------------------------------------------------
Start ROM, RAM, DSP, Shift Register and Retiming Reporting
---------------------------------------------------------------------------------

Distributed RAM: Final Mapping Report
+------------+------------------------------+-----------+----------------------+-----------------+
|Module Name | RTL Object                   | Inference | Size (Depth x Width) | Primitives      | 
+------------+------------------------------+-----------+----------------------+-----------------+
|Top_MMC     | cpu/regfile_uut/reg_bank_reg | Implied   | 32 x 32              | RAM32M x 12     | 
|Top_MMC     | data_memory_reg              | Implied   | 256 x 32             | RAM256X1S x 32  | 
+------------+------------------------------+-----------+----------------------+-----------------+

---------------------------------------------------------------------------------
Finished ROM, RAM, DSP, Shift Register and Retiming Reporting
---------------------------------------------------------------------------------
---------------------------------------------------------------------------------
Start Technology Mapping
---------------------------------------------------------------------------------
WARNING: [Synth 8-3332] Sequential element (cpu/decoder_uut/alu_control_reg[3]) is unused and will be removed from module Top_MMC.
---------------------------------------------------------------------------------
Finished Technology Mapping : Time (s): cpu = 00:00:21 ; elapsed = 00:00:22 . Memory (MB): peak = 2286.629 ; gain = 673.684 ; free physical = 47452 ; free virtual = 57937
---------------------------------------------------------------------------------
---------------------------------------------------------------------------------
Start IO Insertion
---------------------------------------------------------------------------------
---------------------------------------------------------------------------------
Start Flattening Before IO Insertion
---------------------------------------------------------------------------------
---------------------------------------------------------------------------------
Finished Flattening Before IO Insertion
---------------------------------------------------------------------------------
---------------------------------------------------------------------------------
Start Final Netlist Cleanup
---------------------------------------------------------------------------------
---------------------------------------------------------------------------------
Finished Final Netlist Cleanup
---------------------------------------------------------------------------------
---------------------------------------------------------------------------------
Finished IO Insertion : Time (s): cpu = 00:00:23 ; elapsed = 00:00:23 . Memory (MB): peak = 2289.598 ; gain = 676.652 ; free physical = 47458 ; free virtual = 57943
---------------------------------------------------------------------------------
---------------------------------------------------------------------------------
Start Renaming Generated Instances
---------------------------------------------------------------------------------
---------------------------------------------------------------------------------
Finished Renaming Generated Instances : Time (s): cpu = 00:00:23 ; elapsed = 00:00:23 . Memory (MB): peak = 2289.598 ; gain = 676.652 ; free physical = 47458 ; free virtual = 57943
---------------------------------------------------------------------------------
---------------------------------------------------------------------------------
Start Rebuilding User Hierarchy
---------------------------------------------------------------------------------
---------------------------------------------------------------------------------
Finished Rebuilding User Hierarchy : Time (s): cpu = 00:00:23 ; elapsed = 00:00:23 . Memory (MB): peak = 2289.598 ; gain = 676.652 ; free physical = 47458 ; free virtual = 57943
---------------------------------------------------------------------------------
---------------------------------------------------------------------------------
Start Renaming Generated Ports
---------------------------------------------------------------------------------
---------------------------------------------------------------------------------
Finished Renaming Generated Ports : Time (s): cpu = 00:00:23 ; elapsed = 00:00:23 . Memory (MB): peak = 2289.598 ; gain = 676.652 ; free physical = 47458 ; free virtual = 57943
---------------------------------------------------------------------------------
---------------------------------------------------------------------------------
Start Handling Custom Attributes
---------------------------------------------------------------------------------
---------------------------------------------------------------------------------
Finished Handling Custom Attributes : Time (s): cpu = 00:00:23 ; elapsed = 00:00:23 . Memory (MB): peak = 2289.598 ; gain = 676.652 ; free physical = 47457 ; free virtual = 57943
---------------------------------------------------------------------------------
---------------------------------------------------------------------------------
Start Renaming Generated Nets
---------------------------------------------------------------------------------
---------------------------------------------------------------------------------
Finished Renaming Generated Nets : Time (s): cpu = 00:00:23 ; elapsed = 00:00:23 . Memory (MB): peak = 2289.598 ; gain = 676.652 ; free physical = 47457 ; free virtual = 57943
---------------------------------------------------------------------------------
---------------------------------------------------------------------------------
Start Writing Synthesis Report
---------------------------------------------------------------------------------

Report BlackBoxes: 
+-+--------------+----------+
| |BlackBox name |Instances |
+-+--------------+----------+
+-+--------------+----------+

Report Cell Usage: 
+------+----------+------+
|      |Cell      |Count |
+------+----------+------+
|1     |BUFG      |     2|
|2     |CARRY4    |    20|
|3     |LUT1      |     4|
|4     |LUT2      |    84|
|5     |LUT3      |    32|
|6     |LUT4      |   115|
|7     |LUT5      |    69|
|8     |LUT6      |   198|
|9     |MUXF7     |     4|
|10    |RAM256X1S |    32|
|11    |RAM32M    |    10|
|12    |RAM32X1D  |     4|
|13    |FDRE      |   104|
|14    |FDSE      |     8|
|15    |LD        |     4|
|16    |IBUF      |    23|
|17    |OBUF      |    31|
+------+----------+------+
---------------------------------------------------------------------------------
Finished Writing Synthesis Report : Time (s): cpu = 00:00:23 ; elapsed = 00:00:23 . Memory (MB): peak = 2289.598 ; gain = 676.652 ; free physical = 47457 ; free virtual = 57943
---------------------------------------------------------------------------------
Synthesis finished with 0 errors, 0 critical warnings and 4 warnings.
Synthesis Optimization Runtime : Time (s): cpu = 00:00:22 ; elapsed = 00:00:23 . Memory (MB): peak = 2289.598 ; gain = 532.836 ; free physical = 47457 ; free virtual = 57943
Synthesis Optimization Complete : Time (s): cpu = 00:00:23 ; elapsed = 00:00:23 . Memory (MB): peak = 2289.605 ; gain = 676.652 ; free physical = 47457 ; free virtual = 57943
INFO: [Project 1-571] Translating synthesized netlist
Netlist sorting complete. Time (s): cpu = 00:00:00 ; elapsed = 00:00:00 . Memory (MB): peak = 2292.566 ; gain = 0.000 ; free physical = 47708 ; free virtual = 58197
INFO: [Netlist 29-17] Analyzing 74 Unisim elements for replacement
INFO: [Netlist 29-28] Unisim Transformation completed in 1 CPU seconds
INFO: [Project 1-570] Preparing netlist for logic optimization
INFO: [Opt 31-138] Pushed 0 inverter(s) to 0 load pin(s).
Netlist sorting complete. Time (s): cpu = 00:00:00 ; elapsed = 00:00:00 . Memory (MB): peak = 2327.551 ; gain = 0.000 ; free physical = 47738 ; free virtual = 58225
INFO: [Project 1-111] Unisim Transformation Summary:
  A total of 50 instances were transformed.
  LD => LDCE: 4 instances
  RAM256X1S => RAM256X1S (MUXF7(x2), MUXF8, RAMS64E(x4)): 32 instances
  RAM32M => RAM32M (RAMD32(x6), RAMS32(x2)): 10 instances
  RAM32X1D => RAM32X1D (RAMD32(x2)): 4 instances

Synth Design complete | Checksum: 254e22f9
INFO: [Common 17-83] Releasing license: Synthesis
47 Infos, 30 Warnings, 0 Critical Warnings and 0 Errors encountered.
synth_design completed successfully
synth_design: Time (s): cpu = 00:00:27 ; elapsed = 00:00:26 . Memory (MB): peak = 2327.586 ; gain = 1057.648 ; free physical = 47737 ; free virtual = 58224
INFO: [Common 17-2834] synth_design peak Physical Memory [PSS] (MB): overall = 1934.189; main = 1616.914; forked = 382.979
INFO: [Common 17-2834] synth_design peak Virtual Memory [VSS] (MB): overall = 3269.598; main = 2327.555; forked = 993.191
Write ShapeDB Complete: Time (s): cpu = 00:00:00.01 ; elapsed = 00:00:00 . Memory (MB): peak = 2351.562 ; gain = 0.000 ; free physical = 47735 ; free virtual = 58223
INFO: [Common 17-1381] The checkpoint '/home/krithikh/NUS-Modules/CS2100DE/Project/Project.runs/synth_1/Top_MMC.dcp' has been generated.
INFO: [runtcl-4] Executing : report_utilization -file Top_MMC_utilization_synth.rpt -pb Top_MMC_utilization_synth.pb
INFO: [Common 17-206] Exiting Vivado at Sun Apr 12 15:32:53 2026...
