Copyright 1986-2022 Xilinx, Inc. All Rights Reserved. Copyright 2022-2023 Advanced Micro Devices, Inc. All Rights Reserved.
------------------------------------------------------------------------------------------------------------------------------------------------------------------------------------------------------------------
| Tool Version : Vivado v.2023.2 (lin64) Build 4029153 Fri Oct 13 20:13:54 MDT 2023
| Date         : Fri Apr 10 11:40:50 2026
| Host         : krithikh-ThinkPad-P1-Gen-7 running 64-bit Ubuntu 22.04.5 LTS
| Command      : report_timing_summary -max_paths 10 -report_unconstrained -file Top_MMC_timing_summary_routed.rpt -pb Top_MMC_timing_summary_routed.pb -rpx Top_MMC_timing_summary_routed.rpx -warn_on_violation
| Design       : Top_MMC
| Device       : 7a100t-csg324
| Speed File   : -1  PRODUCTION 1.23 2018-06-13
| Design State : Routed
------------------------------------------------------------------------------------------------------------------------------------------------------------------------------------------------------------------

Timing Summary Report

------------------------------------------------------------------------------------------------
| Timer Settings
| --------------
------------------------------------------------------------------------------------------------

  Enable Multi Corner Analysis               :  Yes
  Enable Pessimism Removal                   :  Yes
  Pessimism Removal Resolution               :  Nearest Common Node
  Enable Input Delay Default Clock           :  No
  Enable Preset / Clear Arcs                 :  No
  Disable Flight Delays                      :  No
  Ignore I/O Paths                           :  No
  Timing Early Launch at Borrowing Latches   :  No
  Borrow Time for Max Delay Exceptions       :  Yes
  Merge Timing Exceptions                    :  Yes
  Inter-SLR Compensation                     :  Conservative

  Corner  Analyze    Analyze    
  Name    Max Paths  Min Paths  
  ------  ---------  ---------  
  Slow    Yes        Yes        
  Fast    Yes        Yes        


------------------------------------------------------------------------------------------------
| Report Methodology
| ------------------
------------------------------------------------------------------------------------------------

Rule       Severity          Description                  Violations  
---------  ----------------  ---------------------------  ----------  
TIMING-17  Critical Warning  Non-clocked sequential cell  755         

Note: This report is based on the most recent report_methodology run and may not be up-to-date. Run report_methodology on the current design for the latest report.



check_timing report

Table of Contents
-----------------
1. checking no_clock (755)
2. checking constant_clock (0)
3. checking pulse_width_clock (0)
4. checking unconstrained_internal_endpoints (3029)
5. checking no_input_delay (22)
6. checking no_output_delay (31)
7. checking multiple_clock (0)
8. checking generated_clocks (0)
9. checking loops (0)
10. checking partial_input_delay (0)
11. checking partial_output_delay (0)
12. checking latch_loops (0)

1. checking no_clock (755)
--------------------------
 There are 755 register/latch pins with no clock driven by root clock pin: counter_reg[3]/Q (HIGH)


2. checking constant_clock (0)
------------------------------
 There are 0 register/latch pins with constant_clock.


3. checking pulse_width_clock (0)
---------------------------------
 There are 0 register/latch pins which need pulse_width check


4. checking unconstrained_internal_endpoints (3029)
---------------------------------------------------
 There are 3029 pins that are not constrained for maximum delay. (HIGH)

 There are 0 pins that are not constrained for maximum delay due to constant clock.


5. checking no_input_delay (22)
-------------------------------
 There are 22 input ports with no input delay specified. (HIGH)

 There are 0 input ports with no input delay but user has a false path constraint.


6. checking no_output_delay (31)
--------------------------------
 There are 31 ports with no output delay specified. (HIGH)

 There are 0 ports with no output delay but user has a false path constraint

 There are 0 ports with no output delay but with a timing clock defined on it or propagating through it


7. checking multiple_clock (0)
------------------------------
 There are 0 register/latch pins with multiple clocks.


8. checking generated_clocks (0)
--------------------------------
 There are 0 generated clocks that are not connected to a clock source.


9. checking loops (0)
---------------------
 There are 0 combinational loops in the design.


10. checking partial_input_delay (0)
------------------------------------
 There are 0 input ports with partial input delay specified.


11. checking partial_output_delay (0)
-------------------------------------
 There are 0 ports with partial output delay specified.


12. checking latch_loops (0)
----------------------------
 There are 0 combinational latch loops in the design through latch input



------------------------------------------------------------------------------------------------
| Design Timing Summary
| ---------------------
------------------------------------------------------------------------------------------------

    WNS(ns)      TNS(ns)  TNS Failing Endpoints  TNS Total Endpoints      WHS(ns)      THS(ns)  THS Failing Endpoints  THS Total Endpoints     WPWS(ns)     TPWS(ns)  TPWS Failing Endpoints  TPWS Total Endpoints  
    -------      -------  ---------------------  -------------------      -------      -------  ---------------------  -------------------     --------     --------  ----------------------  --------------------  
      8.385        0.000                      0                    4        0.251        0.000                      0                    4        4.500        0.000                       0                     5  


All user specified timing constraints are met.


------------------------------------------------------------------------------------------------
| Clock Summary
| -------------
------------------------------------------------------------------------------------------------

Clock        Waveform(ns)       Period(ns)      Frequency(MHz)
-----        ------------       ----------      --------------
sys_clk_pin  {0.000 5.000}      10.000          100.000         


------------------------------------------------------------------------------------------------
| Intra Clock Table
| -----------------
------------------------------------------------------------------------------------------------

Clock             WNS(ns)      TNS(ns)  TNS Failing Endpoints  TNS Total Endpoints      WHS(ns)      THS(ns)  THS Failing Endpoints  THS Total Endpoints     WPWS(ns)     TPWS(ns)  TPWS Failing Endpoints  TPWS Total Endpoints  
-----             -------      -------  ---------------------  -------------------      -------      -------  ---------------------  -------------------     --------     --------  ----------------------  --------------------  
sys_clk_pin         8.385        0.000                      0                    4        0.251        0.000                      0                    4        4.500        0.000                       0                     5  


------------------------------------------------------------------------------------------------
| Inter Clock Table
| -----------------
------------------------------------------------------------------------------------------------

From Clock    To Clock          WNS(ns)      TNS(ns)  TNS Failing Endpoints  TNS Total Endpoints      WHS(ns)      THS(ns)  THS Failing Endpoints  THS Total Endpoints  
----------    --------          -------      -------  ---------------------  -------------------      -------      -------  ---------------------  -------------------  


------------------------------------------------------------------------------------------------
| Other Path Groups Table
| -----------------------
------------------------------------------------------------------------------------------------

Path Group    From Clock    To Clock          WNS(ns)      TNS(ns)  TNS Failing Endpoints  TNS Total Endpoints      WHS(ns)      THS(ns)  THS Failing Endpoints  THS Total Endpoints  
----------    ----------    --------          -------      -------  ---------------------  -------------------      -------      -------  ---------------------  -------------------  


------------------------------------------------------------------------------------------------
| User Ignored Path Table
| -----------------------
------------------------------------------------------------------------------------------------

Path Group    From Clock    To Clock    
----------    ----------    --------    


------------------------------------------------------------------------------------------------
| Unconstrained Path Table
| ------------------------
------------------------------------------------------------------------------------------------

Path Group    From Clock    To Clock    
----------    ----------    --------    
(none)                                    


------------------------------------------------------------------------------------------------
| Timing Details
| --------------
------------------------------------------------------------------------------------------------


---------------------------------------------------------------------------------------------------
From Clock:  sys_clk_pin
  To Clock:  sys_clk_pin

Setup :            0  Failing Endpoints,  Worst Slack        8.385ns,  Total Violation        0.000ns
Hold  :            0  Failing Endpoints,  Worst Slack        0.251ns,  Total Violation        0.000ns
PW    :            0  Failing Endpoints,  Worst Slack        4.500ns,  Total Violation        0.000ns
---------------------------------------------------------------------------------------------------


Max Delay Paths
--------------------------------------------------------------------------------------
Slack (MET) :             8.385ns  (required time - arrival time)
  Source:                 counter_reg[0]/C
                            (rising edge-triggered cell FDRE clocked by sys_clk_pin  {rise@0.000ns fall@5.000ns period=10.000ns})
  Destination:            counter_reg[0]/D
                            (rising edge-triggered cell FDRE clocked by sys_clk_pin  {rise@0.000ns fall@5.000ns period=10.000ns})
  Path Group:             sys_clk_pin
  Path Type:              Setup (Max at Slow Process Corner)
  Requirement:            10.000ns  (sys_clk_pin rise@10.000ns - sys_clk_pin rise@0.000ns)
  Data Path Delay:        1.608ns  (logic 0.580ns (36.063%)  route 1.028ns (63.937%))
  Logic Levels:           1  (LUT1=1)
  Clock Path Skew:        0.000ns (DCD - SCD + CPR)
    Destination Clock Delay (DCD):    4.927ns = ( 14.927 - 10.000 ) 
    Source Clock Delay      (SCD):    5.228ns
    Clock Pessimism Removal (CPR):    0.301ns
  Clock Uncertainty:      0.035ns  ((TSJ^2 + TIJ^2)^1/2 + DJ) / 2 + PE
    Total System Jitter     (TSJ):    0.071ns
    Total Input Jitter      (TIJ):    0.000ns
    Discrete Jitter          (DJ):    0.000ns
    Phase Error              (PE):    0.000ns

    Location             Delay type                Incr(ns)  Path(ns)    Netlist Resource(s)
  -------------------------------------------------------------------    -------------------
                         (clock sys_clk_pin rise edge)
                                                      0.000     0.000 r  
    E3                                                0.000     0.000 r  clk (IN)
                         net (fo=0)                   0.000     0.000    clk
    E3                   IBUF (Prop_ibuf_I_O)         1.482     1.482 r  clk_IBUF_inst/O
                         net (fo=1, routed)           2.025     3.506    clk_IBUF
    BUFGCTRL_X0Y16       BUFG (Prop_bufg_I_O)         0.096     3.602 r  clk_IBUF_BUFG_inst/O
                         net (fo=4, routed)           1.625     5.228    clk_IBUF_BUFG
    SLICE_X52Y96         FDRE                                         r  counter_reg[0]/C
  -------------------------------------------------------------------    -------------------
    SLICE_X52Y96         FDRE (Prop_fdre_C_Q)         0.456     5.684 f  counter_reg[0]/Q
                         net (fo=4, routed)           1.028     6.712    counter_reg_n_0_[0]
    SLICE_X52Y96         LUT1 (Prop_lut1_I0_O)        0.124     6.836 r  counter[0]_i_1/O
                         net (fo=1, routed)           0.000     6.836    p_0_in[0]
    SLICE_X52Y96         FDRE                                         r  counter_reg[0]/D
  -------------------------------------------------------------------    -------------------

                         (clock sys_clk_pin rise edge)
                                                     10.000    10.000 r  
    E3                                                0.000    10.000 r  clk (IN)
                         net (fo=0)                   0.000    10.000    clk
    E3                   IBUF (Prop_ibuf_I_O)         1.411    11.411 r  clk_IBUF_inst/O
                         net (fo=1, routed)           1.920    13.331    clk_IBUF
    BUFGCTRL_X0Y16       BUFG (Prop_bufg_I_O)         0.091    13.422 r  clk_IBUF_BUFG_inst/O
                         net (fo=4, routed)           1.504    14.927    clk_IBUF_BUFG
    SLICE_X52Y96         FDRE                                         r  counter_reg[0]/C
                         clock pessimism              0.301    15.228    
                         clock uncertainty           -0.035    15.192    
    SLICE_X52Y96         FDRE (Setup_fdre_C_D)        0.029    15.221    counter_reg[0]
  -------------------------------------------------------------------
                         required time                         15.221    
                         arrival time                          -6.836    
  -------------------------------------------------------------------
                         slack                                  8.385    

Slack (MET) :             8.405ns  (required time - arrival time)
  Source:                 counter_reg[0]/C
                            (rising edge-triggered cell FDRE clocked by sys_clk_pin  {rise@0.000ns fall@5.000ns period=10.000ns})
  Destination:            counter_reg[1]/D
                            (rising edge-triggered cell FDRE clocked by sys_clk_pin  {rise@0.000ns fall@5.000ns period=10.000ns})
  Path Group:             sys_clk_pin
  Path Type:              Setup (Max at Slow Process Corner)
  Requirement:            10.000ns  (sys_clk_pin rise@10.000ns - sys_clk_pin rise@0.000ns)
  Data Path Delay:        1.634ns  (logic 0.606ns (37.081%)  route 1.028ns (62.919%))
  Logic Levels:           1  (LUT2=1)
  Clock Path Skew:        0.000ns (DCD - SCD + CPR)
    Destination Clock Delay (DCD):    4.927ns = ( 14.927 - 10.000 ) 
    Source Clock Delay      (SCD):    5.228ns
    Clock Pessimism Removal (CPR):    0.301ns
  Clock Uncertainty:      0.035ns  ((TSJ^2 + TIJ^2)^1/2 + DJ) / 2 + PE
    Total System Jitter     (TSJ):    0.071ns
    Total Input Jitter      (TIJ):    0.000ns
    Discrete Jitter          (DJ):    0.000ns
    Phase Error              (PE):    0.000ns

    Location             Delay type                Incr(ns)  Path(ns)    Netlist Resource(s)
  -------------------------------------------------------------------    -------------------
                         (clock sys_clk_pin rise edge)
                                                      0.000     0.000 r  
    E3                                                0.000     0.000 r  clk (IN)
                         net (fo=0)                   0.000     0.000    clk
    E3                   IBUF (Prop_ibuf_I_O)         1.482     1.482 r  clk_IBUF_inst/O
                         net (fo=1, routed)           2.025     3.506    clk_IBUF
    BUFGCTRL_X0Y16       BUFG (Prop_bufg_I_O)         0.096     3.602 r  clk_IBUF_BUFG_inst/O
                         net (fo=4, routed)           1.625     5.228    clk_IBUF_BUFG
    SLICE_X52Y96         FDRE                                         r  counter_reg[0]/C
  -------------------------------------------------------------------    -------------------
    SLICE_X52Y96         FDRE (Prop_fdre_C_Q)         0.456     5.684 r  counter_reg[0]/Q
                         net (fo=4, routed)           1.028     6.712    counter_reg_n_0_[0]
    SLICE_X52Y96         LUT2 (Prop_lut2_I0_O)        0.150     6.862 r  counter[1]_i_1/O
                         net (fo=1, routed)           0.000     6.862    p_0_in[1]
    SLICE_X52Y96         FDRE                                         r  counter_reg[1]/D
  -------------------------------------------------------------------    -------------------

                         (clock sys_clk_pin rise edge)
                                                     10.000    10.000 r  
    E3                                                0.000    10.000 r  clk (IN)
                         net (fo=0)                   0.000    10.000    clk
    E3                   IBUF (Prop_ibuf_I_O)         1.411    11.411 r  clk_IBUF_inst/O
                         net (fo=1, routed)           1.920    13.331    clk_IBUF
    BUFGCTRL_X0Y16       BUFG (Prop_bufg_I_O)         0.091    13.422 r  clk_IBUF_BUFG_inst/O
                         net (fo=4, routed)           1.504    14.927    clk_IBUF_BUFG
    SLICE_X52Y96         FDRE                                         r  counter_reg[1]/C
                         clock pessimism              0.301    15.228    
                         clock uncertainty           -0.035    15.192    
    SLICE_X52Y96         FDRE (Setup_fdre_C_D)        0.075    15.267    counter_reg[1]
  -------------------------------------------------------------------
                         required time                         15.267    
                         arrival time                          -6.862    
  -------------------------------------------------------------------
                         slack                                  8.405    

Slack (MET) :             8.606ns  (required time - arrival time)
  Source:                 counter_reg[3]/C
                            (rising edge-triggered cell FDRE clocked by sys_clk_pin  {rise@0.000ns fall@5.000ns period=10.000ns})
  Destination:            counter_reg[3]/D
                            (rising edge-triggered cell FDRE clocked by sys_clk_pin  {rise@0.000ns fall@5.000ns period=10.000ns})
  Path Group:             sys_clk_pin
  Path Type:              Setup (Max at Slow Process Corner)
  Requirement:            10.000ns  (sys_clk_pin rise@10.000ns - sys_clk_pin rise@0.000ns)
  Data Path Delay:        1.434ns  (logic 0.743ns (51.814%)  route 0.691ns (48.186%))
  Logic Levels:           1  (LUT4=1)
  Clock Path Skew:        0.000ns (DCD - SCD + CPR)
    Destination Clock Delay (DCD):    4.927ns = ( 14.927 - 10.000 ) 
    Source Clock Delay      (SCD):    5.228ns
    Clock Pessimism Removal (CPR):    0.301ns
  Clock Uncertainty:      0.035ns  ((TSJ^2 + TIJ^2)^1/2 + DJ) / 2 + PE
    Total System Jitter     (TSJ):    0.071ns
    Total Input Jitter      (TIJ):    0.000ns
    Discrete Jitter          (DJ):    0.000ns
    Phase Error              (PE):    0.000ns

    Location             Delay type                Incr(ns)  Path(ns)    Netlist Resource(s)
  -------------------------------------------------------------------    -------------------
                         (clock sys_clk_pin rise edge)
                                                      0.000     0.000 r  
    E3                                                0.000     0.000 r  clk (IN)
                         net (fo=0)                   0.000     0.000    clk
    E3                   IBUF (Prop_ibuf_I_O)         1.482     1.482 r  clk_IBUF_inst/O
                         net (fo=1, routed)           2.025     3.506    clk_IBUF
    BUFGCTRL_X0Y16       BUFG (Prop_bufg_I_O)         0.096     3.602 r  clk_IBUF_BUFG_inst/O
                         net (fo=4, routed)           1.625     5.228    clk_IBUF_BUFG
    SLICE_X52Y96         FDRE                                         r  counter_reg[3]/C
  -------------------------------------------------------------------    -------------------
    SLICE_X52Y96         FDRE (Prop_fdre_C_Q)         0.419     5.647 r  counter_reg[3]/Q
                         net (fo=2, routed)           0.691     6.338    clk_cpu
    SLICE_X52Y96         LUT4 (Prop_lut4_I3_O)        0.324     6.662 r  counter[3]_i_1/O
                         net (fo=1, routed)           0.000     6.662    p_0_in[3]
    SLICE_X52Y96         FDRE                                         r  counter_reg[3]/D
  -------------------------------------------------------------------    -------------------

                         (clock sys_clk_pin rise edge)
                                                     10.000    10.000 r  
    E3                                                0.000    10.000 r  clk (IN)
                         net (fo=0)                   0.000    10.000    clk
    E3                   IBUF (Prop_ibuf_I_O)         1.411    11.411 r  clk_IBUF_inst/O
                         net (fo=1, routed)           1.920    13.331    clk_IBUF
    BUFGCTRL_X0Y16       BUFG (Prop_bufg_I_O)         0.091    13.422 r  clk_IBUF_BUFG_inst/O
                         net (fo=4, routed)           1.504    14.927    clk_IBUF_BUFG
    SLICE_X52Y96         FDRE                                         r  counter_reg[3]/C
                         clock pessimism              0.301    15.228    
                         clock uncertainty           -0.035    15.192    
    SLICE_X52Y96         FDRE (Setup_fdre_C_D)        0.075    15.267    counter_reg[3]
  -------------------------------------------------------------------
                         required time                         15.267    
                         arrival time                          -6.662    
  -------------------------------------------------------------------
                         slack                                  8.606    

Slack (MET) :             8.755ns  (required time - arrival time)
  Source:                 counter_reg[2]/C
                            (rising edge-triggered cell FDRE clocked by sys_clk_pin  {rise@0.000ns fall@5.000ns period=10.000ns})
  Destination:            counter_reg[2]/D
                            (rising edge-triggered cell FDRE clocked by sys_clk_pin  {rise@0.000ns fall@5.000ns period=10.000ns})
  Path Group:             sys_clk_pin
  Path Type:              Setup (Max at Slow Process Corner)
  Requirement:            10.000ns  (sys_clk_pin rise@10.000ns - sys_clk_pin rise@0.000ns)
  Data Path Delay:        1.241ns  (logic 0.580ns (46.751%)  route 0.661ns (53.249%))
  Logic Levels:           1  (LUT3=1)
  Clock Path Skew:        0.000ns (DCD - SCD + CPR)
    Destination Clock Delay (DCD):    4.927ns = ( 14.927 - 10.000 ) 
    Source Clock Delay      (SCD):    5.228ns
    Clock Pessimism Removal (CPR):    0.301ns
  Clock Uncertainty:      0.035ns  ((TSJ^2 + TIJ^2)^1/2 + DJ) / 2 + PE
    Total System Jitter     (TSJ):    0.071ns
    Total Input Jitter      (TIJ):    0.000ns
    Discrete Jitter          (DJ):    0.000ns
    Phase Error              (PE):    0.000ns

    Location             Delay type                Incr(ns)  Path(ns)    Netlist Resource(s)
  -------------------------------------------------------------------    -------------------
                         (clock sys_clk_pin rise edge)
                                                      0.000     0.000 r  
    E3                                                0.000     0.000 r  clk (IN)
                         net (fo=0)                   0.000     0.000    clk
    E3                   IBUF (Prop_ibuf_I_O)         1.482     1.482 r  clk_IBUF_inst/O
                         net (fo=1, routed)           2.025     3.506    clk_IBUF
    BUFGCTRL_X0Y16       BUFG (Prop_bufg_I_O)         0.096     3.602 r  clk_IBUF_BUFG_inst/O
                         net (fo=4, routed)           1.625     5.228    clk_IBUF_BUFG
    SLICE_X52Y96         FDRE                                         r  counter_reg[2]/C
  -------------------------------------------------------------------    -------------------
    SLICE_X52Y96         FDRE (Prop_fdre_C_Q)         0.456     5.684 r  counter_reg[2]/Q
                         net (fo=2, routed)           0.661     6.344    counter_reg_n_0_[2]
    SLICE_X52Y96         LUT3 (Prop_lut3_I2_O)        0.124     6.468 r  counter[2]_i_1/O
                         net (fo=1, routed)           0.000     6.468    p_0_in[2]
    SLICE_X52Y96         FDRE                                         r  counter_reg[2]/D
  -------------------------------------------------------------------    -------------------

                         (clock sys_clk_pin rise edge)
                                                     10.000    10.000 r  
    E3                                                0.000    10.000 r  clk (IN)
                         net (fo=0)                   0.000    10.000    clk
    E3                   IBUF (Prop_ibuf_I_O)         1.411    11.411 r  clk_IBUF_inst/O
                         net (fo=1, routed)           1.920    13.331    clk_IBUF
    BUFGCTRL_X0Y16       BUFG (Prop_bufg_I_O)         0.091    13.422 r  clk_IBUF_BUFG_inst/O
                         net (fo=4, routed)           1.504    14.927    clk_IBUF_BUFG
    SLICE_X52Y96         FDRE                                         r  counter_reg[2]/C
                         clock pessimism              0.301    15.228    
                         clock uncertainty           -0.035    15.192    
    SLICE_X52Y96         FDRE (Setup_fdre_C_D)        0.031    15.223    counter_reg[2]
  -------------------------------------------------------------------
                         required time                         15.223    
                         arrival time                          -6.468    
  -------------------------------------------------------------------
                         slack                                  8.755    





Min Delay Paths
--------------------------------------------------------------------------------------
Slack (MET) :             0.251ns  (arrival time - required time)
  Source:                 counter_reg[0]/C
                            (rising edge-triggered cell FDRE clocked by sys_clk_pin  {rise@0.000ns fall@5.000ns period=10.000ns})
  Destination:            counter_reg[3]/D
                            (rising edge-triggered cell FDRE clocked by sys_clk_pin  {rise@0.000ns fall@5.000ns period=10.000ns})
  Path Group:             sys_clk_pin
  Path Type:              Hold (Min at Fast Process Corner)
  Requirement:            0.000ns  (sys_clk_pin rise@0.000ns - sys_clk_pin rise@0.000ns)
  Data Path Delay:        0.358ns  (logic 0.184ns (51.423%)  route 0.174ns (48.577%))
  Logic Levels:           1  (LUT4=1)
  Clock Path Skew:        0.000ns (DCD - SCD - CPR)
    Destination Clock Delay (DCD):    1.999ns
    Source Clock Delay      (SCD):    1.483ns
    Clock Pessimism Removal (CPR):    0.515ns

    Location             Delay type                Incr(ns)  Path(ns)    Netlist Resource(s)
  -------------------------------------------------------------------    -------------------
                         (clock sys_clk_pin rise edge)
                                                      0.000     0.000 r  
    E3                                                0.000     0.000 r  clk (IN)
                         net (fo=0)                   0.000     0.000    clk
    E3                   IBUF (Prop_ibuf_I_O)         0.250     0.250 r  clk_IBUF_inst/O
                         net (fo=1, routed)           0.644     0.894    clk_IBUF
    BUFGCTRL_X0Y16       BUFG (Prop_bufg_I_O)         0.026     0.920 r  clk_IBUF_BUFG_inst/O
                         net (fo=4, routed)           0.564     1.483    clk_IBUF_BUFG
    SLICE_X52Y96         FDRE                                         r  counter_reg[0]/C
  -------------------------------------------------------------------    -------------------
    SLICE_X52Y96         FDRE (Prop_fdre_C_Q)         0.141     1.624 r  counter_reg[0]/Q
                         net (fo=4, routed)           0.174     1.798    counter_reg_n_0_[0]
    SLICE_X52Y96         LUT4 (Prop_lut4_I1_O)        0.043     1.841 r  counter[3]_i_1/O
                         net (fo=1, routed)           0.000     1.841    p_0_in[3]
    SLICE_X52Y96         FDRE                                         r  counter_reg[3]/D
  -------------------------------------------------------------------    -------------------

                         (clock sys_clk_pin rise edge)
                                                      0.000     0.000 r  
    E3                                                0.000     0.000 r  clk (IN)
                         net (fo=0)                   0.000     0.000    clk
    E3                   IBUF (Prop_ibuf_I_O)         0.438     0.438 r  clk_IBUF_inst/O
                         net (fo=1, routed)           0.699     1.136    clk_IBUF
    BUFGCTRL_X0Y16       BUFG (Prop_bufg_I_O)         0.029     1.165 r  clk_IBUF_BUFG_inst/O
                         net (fo=4, routed)           0.834     1.999    clk_IBUF_BUFG
    SLICE_X52Y96         FDRE                                         r  counter_reg[3]/C
                         clock pessimism             -0.515     1.483    
    SLICE_X52Y96         FDRE (Hold_fdre_C_D)         0.107     1.590    counter_reg[3]
  -------------------------------------------------------------------
                         required time                         -1.590    
                         arrival time                           1.841    
  -------------------------------------------------------------------
                         slack                                  0.251    

Slack (MET) :             0.268ns  (arrival time - required time)
  Source:                 counter_reg[0]/C
                            (rising edge-triggered cell FDRE clocked by sys_clk_pin  {rise@0.000ns fall@5.000ns period=10.000ns})
  Destination:            counter_reg[2]/D
                            (rising edge-triggered cell FDRE clocked by sys_clk_pin  {rise@0.000ns fall@5.000ns period=10.000ns})
  Path Group:             sys_clk_pin
  Path Type:              Hold (Min at Fast Process Corner)
  Requirement:            0.000ns  (sys_clk_pin rise@0.000ns - sys_clk_pin rise@0.000ns)
  Data Path Delay:        0.360ns  (logic 0.186ns (51.693%)  route 0.174ns (48.307%))
  Logic Levels:           1  (LUT3=1)
  Clock Path Skew:        0.000ns (DCD - SCD - CPR)
    Destination Clock Delay (DCD):    1.999ns
    Source Clock Delay      (SCD):    1.483ns
    Clock Pessimism Removal (CPR):    0.515ns

    Location             Delay type                Incr(ns)  Path(ns)    Netlist Resource(s)
  -------------------------------------------------------------------    -------------------
                         (clock sys_clk_pin rise edge)
                                                      0.000     0.000 r  
    E3                                                0.000     0.000 r  clk (IN)
                         net (fo=0)                   0.000     0.000    clk
    E3                   IBUF (Prop_ibuf_I_O)         0.250     0.250 r  clk_IBUF_inst/O
                         net (fo=1, routed)           0.644     0.894    clk_IBUF
    BUFGCTRL_X0Y16       BUFG (Prop_bufg_I_O)         0.026     0.920 r  clk_IBUF_BUFG_inst/O
                         net (fo=4, routed)           0.564     1.483    clk_IBUF_BUFG
    SLICE_X52Y96         FDRE                                         r  counter_reg[0]/C
  -------------------------------------------------------------------    -------------------
    SLICE_X52Y96         FDRE (Prop_fdre_C_Q)         0.141     1.624 r  counter_reg[0]/Q
                         net (fo=4, routed)           0.174     1.798    counter_reg_n_0_[0]
    SLICE_X52Y96         LUT3 (Prop_lut3_I0_O)        0.045     1.843 r  counter[2]_i_1/O
                         net (fo=1, routed)           0.000     1.843    p_0_in[2]
    SLICE_X52Y96         FDRE                                         r  counter_reg[2]/D
  -------------------------------------------------------------------    -------------------

                         (clock sys_clk_pin rise edge)
                                                      0.000     0.000 r  
    E3                                                0.000     0.000 r  clk (IN)
                         net (fo=0)                   0.000     0.000    clk
    E3                   IBUF (Prop_ibuf_I_O)         0.438     0.438 r  clk_IBUF_inst/O
                         net (fo=1, routed)           0.699     1.136    clk_IBUF
    BUFGCTRL_X0Y16       BUFG (Prop_bufg_I_O)         0.029     1.165 r  clk_IBUF_BUFG_inst/O
                         net (fo=4, routed)           0.834     1.999    clk_IBUF_BUFG
    SLICE_X52Y96         FDRE                                         r  counter_reg[2]/C
                         clock pessimism             -0.515     1.483    
    SLICE_X52Y96         FDRE (Hold_fdre_C_D)         0.092     1.575    counter_reg[2]
  -------------------------------------------------------------------
                         required time                         -1.575    
                         arrival time                           1.843    
  -------------------------------------------------------------------
                         slack                                  0.268    

Slack (MET) :             0.413ns  (arrival time - required time)
  Source:                 counter_reg[1]/C
                            (rising edge-triggered cell FDRE clocked by sys_clk_pin  {rise@0.000ns fall@5.000ns period=10.000ns})
  Destination:            counter_reg[1]/D
                            (rising edge-triggered cell FDRE clocked by sys_clk_pin  {rise@0.000ns fall@5.000ns period=10.000ns})
  Path Group:             sys_clk_pin
  Path Type:              Hold (Min at Fast Process Corner)
  Requirement:            0.000ns  (sys_clk_pin rise@0.000ns - sys_clk_pin rise@0.000ns)
  Data Path Delay:        0.520ns  (logic 0.226ns (43.453%)  route 0.294ns (56.547%))
  Logic Levels:           1  (LUT2=1)
  Clock Path Skew:        0.000ns (DCD - SCD - CPR)
    Destination Clock Delay (DCD):    1.999ns
    Source Clock Delay      (SCD):    1.483ns
    Clock Pessimism Removal (CPR):    0.515ns

    Location             Delay type                Incr(ns)  Path(ns)    Netlist Resource(s)
  -------------------------------------------------------------------    -------------------
                         (clock sys_clk_pin rise edge)
                                                      0.000     0.000 r  
    E3                                                0.000     0.000 r  clk (IN)
                         net (fo=0)                   0.000     0.000    clk
    E3                   IBUF (Prop_ibuf_I_O)         0.250     0.250 r  clk_IBUF_inst/O
                         net (fo=1, routed)           0.644     0.894    clk_IBUF
    BUFGCTRL_X0Y16       BUFG (Prop_bufg_I_O)         0.026     0.920 r  clk_IBUF_BUFG_inst/O
                         net (fo=4, routed)           0.564     1.483    clk_IBUF_BUFG
    SLICE_X52Y96         FDRE                                         r  counter_reg[1]/C
  -------------------------------------------------------------------    -------------------
    SLICE_X52Y96         FDRE (Prop_fdre_C_Q)         0.128     1.611 r  counter_reg[1]/Q
                         net (fo=3, routed)           0.294     1.905    counter_reg_n_0_[1]
    SLICE_X52Y96         LUT2 (Prop_lut2_I1_O)        0.098     2.003 r  counter[1]_i_1/O
                         net (fo=1, routed)           0.000     2.003    p_0_in[1]
    SLICE_X52Y96         FDRE                                         r  counter_reg[1]/D
  -------------------------------------------------------------------    -------------------

                         (clock sys_clk_pin rise edge)
                                                      0.000     0.000 r  
    E3                                                0.000     0.000 r  clk (IN)
                         net (fo=0)                   0.000     0.000    clk
    E3                   IBUF (Prop_ibuf_I_O)         0.438     0.438 r  clk_IBUF_inst/O
                         net (fo=1, routed)           0.699     1.136    clk_IBUF
    BUFGCTRL_X0Y16       BUFG (Prop_bufg_I_O)         0.029     1.165 r  clk_IBUF_BUFG_inst/O
                         net (fo=4, routed)           0.834     1.999    clk_IBUF_BUFG
    SLICE_X52Y96         FDRE                                         r  counter_reg[1]/C
                         clock pessimism             -0.515     1.483    
    SLICE_X52Y96         FDRE (Hold_fdre_C_D)         0.107     1.590    counter_reg[1]
  -------------------------------------------------------------------
                         required time                         -1.590    
                         arrival time                           2.003    
  -------------------------------------------------------------------
                         slack                                  0.413    

Slack (MET) :             0.475ns  (arrival time - required time)
  Source:                 counter_reg[0]/C
                            (rising edge-triggered cell FDRE clocked by sys_clk_pin  {rise@0.000ns fall@5.000ns period=10.000ns})
  Destination:            counter_reg[0]/D
                            (rising edge-triggered cell FDRE clocked by sys_clk_pin  {rise@0.000ns fall@5.000ns period=10.000ns})
  Path Group:             sys_clk_pin
  Path Type:              Hold (Min at Fast Process Corner)
  Requirement:            0.000ns  (sys_clk_pin rise@0.000ns - sys_clk_pin rise@0.000ns)
  Data Path Delay:        0.566ns  (logic 0.186ns (32.846%)  route 0.380ns (67.154%))
  Logic Levels:           1  (LUT1=1)
  Clock Path Skew:        0.000ns (DCD - SCD - CPR)
    Destination Clock Delay (DCD):    1.999ns
    Source Clock Delay      (SCD):    1.483ns
    Clock Pessimism Removal (CPR):    0.515ns

    Location             Delay type                Incr(ns)  Path(ns)    Netlist Resource(s)
  -------------------------------------------------------------------    -------------------
                         (clock sys_clk_pin rise edge)
                                                      0.000     0.000 r  
    E3                                                0.000     0.000 r  clk (IN)
                         net (fo=0)                   0.000     0.000    clk
    E3                   IBUF (Prop_ibuf_I_O)         0.250     0.250 r  clk_IBUF_inst/O
                         net (fo=1, routed)           0.644     0.894    clk_IBUF
    BUFGCTRL_X0Y16       BUFG (Prop_bufg_I_O)         0.026     0.920 r  clk_IBUF_BUFG_inst/O
                         net (fo=4, routed)           0.564     1.483    clk_IBUF_BUFG
    SLICE_X52Y96         FDRE                                         r  counter_reg[0]/C
  -------------------------------------------------------------------    -------------------
    SLICE_X52Y96         FDRE (Prop_fdre_C_Q)         0.141     1.624 f  counter_reg[0]/Q
                         net (fo=4, routed)           0.380     2.005    counter_reg_n_0_[0]
    SLICE_X52Y96         LUT1 (Prop_lut1_I0_O)        0.045     2.050 r  counter[0]_i_1/O
                         net (fo=1, routed)           0.000     2.050    p_0_in[0]
    SLICE_X52Y96         FDRE                                         r  counter_reg[0]/D
  -------------------------------------------------------------------    -------------------

                         (clock sys_clk_pin rise edge)
                                                      0.000     0.000 r  
    E3                                                0.000     0.000 r  clk (IN)
                         net (fo=0)                   0.000     0.000    clk
    E3                   IBUF (Prop_ibuf_I_O)         0.438     0.438 r  clk_IBUF_inst/O
                         net (fo=1, routed)           0.699     1.136    clk_IBUF
    BUFGCTRL_X0Y16       BUFG (Prop_bufg_I_O)         0.029     1.165 r  clk_IBUF_BUFG_inst/O
                         net (fo=4, routed)           0.834     1.999    clk_IBUF_BUFG
    SLICE_X52Y96         FDRE                                         r  counter_reg[0]/C
                         clock pessimism             -0.515     1.483    
    SLICE_X52Y96         FDRE (Hold_fdre_C_D)         0.091     1.574    counter_reg[0]
  -------------------------------------------------------------------
                         required time                         -1.574    
                         arrival time                           2.050    
  -------------------------------------------------------------------
                         slack                                  0.475    





Pulse Width Checks
--------------------------------------------------------------------------------------
Clock Name:         sys_clk_pin
Waveform(ns):       { 0.000 5.000 }
Period(ns):         10.000
Sources:            { clk }

Check Type        Corner  Lib Pin  Reference Pin  Required(ns)  Actual(ns)  Slack(ns)  Location        Pin
Min Period        n/a     BUFG/I   n/a            2.155         10.000      7.845      BUFGCTRL_X0Y16  clk_IBUF_BUFG_inst/I
Min Period        n/a     FDRE/C   n/a            1.000         10.000      9.000      SLICE_X52Y96    counter_reg[0]/C
Min Period        n/a     FDRE/C   n/a            1.000         10.000      9.000      SLICE_X52Y96    counter_reg[1]/C
Min Period        n/a     FDRE/C   n/a            1.000         10.000      9.000      SLICE_X52Y96    counter_reg[2]/C
Min Period        n/a     FDRE/C   n/a            1.000         10.000      9.000      SLICE_X52Y96    counter_reg[3]/C
Low Pulse Width   Slow    FDRE/C   n/a            0.500         5.000       4.500      SLICE_X52Y96    counter_reg[0]/C
Low Pulse Width   Fast    FDRE/C   n/a            0.500         5.000       4.500      SLICE_X52Y96    counter_reg[0]/C
Low Pulse Width   Slow    FDRE/C   n/a            0.500         5.000       4.500      SLICE_X52Y96    counter_reg[1]/C
Low Pulse Width   Fast    FDRE/C   n/a            0.500         5.000       4.500      SLICE_X52Y96    counter_reg[1]/C
Low Pulse Width   Slow    FDRE/C   n/a            0.500         5.000       4.500      SLICE_X52Y96    counter_reg[2]/C
Low Pulse Width   Fast    FDRE/C   n/a            0.500         5.000       4.500      SLICE_X52Y96    counter_reg[2]/C
Low Pulse Width   Slow    FDRE/C   n/a            0.500         5.000       4.500      SLICE_X52Y96    counter_reg[3]/C
Low Pulse Width   Fast    FDRE/C   n/a            0.500         5.000       4.500      SLICE_X52Y96    counter_reg[3]/C
High Pulse Width  Slow    FDRE/C   n/a            0.500         5.000       4.500      SLICE_X52Y96    counter_reg[0]/C
High Pulse Width  Fast    FDRE/C   n/a            0.500         5.000       4.500      SLICE_X52Y96    counter_reg[0]/C
High Pulse Width  Slow    FDRE/C   n/a            0.500         5.000       4.500      SLICE_X52Y96    counter_reg[1]/C
High Pulse Width  Fast    FDRE/C   n/a            0.500         5.000       4.500      SLICE_X52Y96    counter_reg[1]/C
High Pulse Width  Slow    FDRE/C   n/a            0.500         5.000       4.500      SLICE_X52Y96    counter_reg[2]/C
High Pulse Width  Fast    FDRE/C   n/a            0.500         5.000       4.500      SLICE_X52Y96    counter_reg[2]/C
High Pulse Width  Slow    FDRE/C   n/a            0.500         5.000       4.500      SLICE_X52Y96    counter_reg[3]/C
High Pulse Width  Fast    FDRE/C   n/a            0.500         5.000       4.500      SLICE_X52Y96    counter_reg[3]/C



--------------------------------------------------------------------------------------
Path Group:  (none)
From Clock:  
  To Clock:  

Max Delay          3060 Endpoints
Min Delay          3060 Endpoints
--------------------------------------------------------------------------------------


Max Delay Paths
--------------------------------------------------------------------------------------
Slack:                    inf
  Source:                 cpu/exmem_rd_reg[4]/C
                            (rising edge-triggered cell FDRE)
  Destination:            cpu/idex_RD2_reg[23]/R
  Path Group:             (none)
  Path Type:              Max at Slow Process Corner
  Data Path Delay:        19.272ns  (logic 2.381ns (12.355%)  route 16.891ns (87.645%))
  Logic Levels:           13  (CARRY4=3 FDRE=1 LUT2=1 LUT3=2 LUT4=1 LUT5=1 LUT6=4)

    Location             Delay type                Incr(ns)  Path(ns)    Netlist Resource(s)
  -------------------------------------------------------------------    -------------------
    SLICE_X86Y58         FDRE                         0.000     0.000 r  cpu/exmem_rd_reg[4]/C
    SLICE_X86Y58         FDRE (Prop_fdre_C_Q)         0.456     0.456 f  cpu/exmem_rd_reg[4]/Q
                         net (fo=4, routed)           1.257     1.713    cpu/counter_uut/exmem_RD2_reg[2]_1[4]
    SLICE_X87Y57         LUT6 (Prop_lut6_I4_O)        0.124     1.837 r  cpu/counter_uut/exmem_RD2[31]_i_7/O
                         net (fo=2, routed)           0.508     2.345    cpu/counter_uut/exmem_RD2[31]_i_7_n_0
    SLICE_X86Y57         LUT6 (Prop_lut6_I0_O)        0.124     2.469 r  cpu/counter_uut/exmem_RD2[31]_i_2/O
                         net (fo=72, routed)          2.279     4.748    cpu/counter_uut/idex_rs2_reg[4]_0
    SLICE_X83Y64         LUT2 (Prop_lut2_I0_O)        0.118     4.866 r  cpu/counter_uut/exmem_RD2[31]_i_5/O
                         net (fo=61, routed)          2.377     7.243    cpu/counter_uut/idex_rs2_reg[4]_1
    SLICE_X87Y69         LUT6 (Prop_lut6_I3_O)        0.326     7.569 r  cpu/counter_uut/exmem_RD2[15]_i_1/O
                         net (fo=2, routed)           1.421     8.989    cpu/counter_uut/idex_RD2_reg[15][3]
    SLICE_X79Y64         LUT3 (Prop_lut3_I0_O)        0.124     9.113 r  cpu/counter_uut/result2_carry__0_i_9/O
                         net (fo=11, routed)          1.067    10.180    cpu/alu_uut/result2_carry__0_0
    SLICE_X76Y68         LUT4 (Prop_lut4_I1_O)        0.124    10.304 r  cpu/alu_uut/result2_carry__0_i_1/O
                         net (fo=2, routed)           0.678    10.982    cpu/alu_uut/result2_carry__0_i_1_n_0
    SLICE_X75Y65         CARRY4 (Prop_carry4_DI[3]_CO[3])
                                                      0.385    11.367 r  cpu/alu_uut/result2_carry__0/CO[3]
                         net (fo=1, routed)           0.000    11.367    cpu/alu_uut/result2_carry__0_n_0
    SLICE_X75Y66         CARRY4 (Prop_carry4_CI_CO[3])
                                                      0.114    11.481 r  cpu/alu_uut/result2_carry__1/CO[3]
                         net (fo=1, routed)           0.000    11.481    cpu/alu_uut/result2_carry__1_n_0
    SLICE_X75Y67         CARRY4 (Prop_carry4_CI_CO[3])
                                                      0.114    11.595 r  cpu/alu_uut/result2_carry__2/CO[3]
                         net (fo=2, routed)           1.529    13.123    cpu/alu_uut/ex_flags[0]
    SLICE_X76Y61         LUT6 (Prop_lut6_I1_O)        0.124    13.247 f  cpu/alu_uut/idex_ext_imm[31]_i_9/O
                         net (fo=1, routed)           0.286    13.534    cpu/alu_uut/idex_ext_imm[31]_i_9_n_0
    SLICE_X76Y61         LUT3 (Prop_lut3_I1_O)        0.124    13.658 f  cpu/alu_uut/idex_ext_imm[31]_i_3/O
                         net (fo=35, routed)          1.612    15.269    cpu/alu_uut/idex_PCS_reg[1]
    SLICE_X83Y58         LUT5 (Prop_lut5_I1_O)        0.124    15.393 r  cpu/alu_uut/idex_ext_imm[31]_i_1/O
                         net (fo=158, routed)         3.879    19.272    cpu/idex_pc0
    SLICE_X87Y74         FDRE                                         r  cpu/idex_RD2_reg[23]/R
  -------------------------------------------------------------------    -------------------

Slack:                    inf
  Source:                 cpu/exmem_rd_reg[4]/C
                            (rising edge-triggered cell FDRE)
  Destination:            cpu/idex_RD2_reg[25]/R
  Path Group:             (none)
  Path Type:              Max at Slow Process Corner
  Data Path Delay:        19.272ns  (logic 2.381ns (12.355%)  route 16.891ns (87.645%))
  Logic Levels:           13  (CARRY4=3 FDRE=1 LUT2=1 LUT3=2 LUT4=1 LUT5=1 LUT6=4)

    Location             Delay type                Incr(ns)  Path(ns)    Netlist Resource(s)
  -------------------------------------------------------------------    -------------------
    SLICE_X86Y58         FDRE                         0.000     0.000 r  cpu/exmem_rd_reg[4]/C
    SLICE_X86Y58         FDRE (Prop_fdre_C_Q)         0.456     0.456 f  cpu/exmem_rd_reg[4]/Q
                         net (fo=4, routed)           1.257     1.713    cpu/counter_uut/exmem_RD2_reg[2]_1[4]
    SLICE_X87Y57         LUT6 (Prop_lut6_I4_O)        0.124     1.837 r  cpu/counter_uut/exmem_RD2[31]_i_7/O
                         net (fo=2, routed)           0.508     2.345    cpu/counter_uut/exmem_RD2[31]_i_7_n_0
    SLICE_X86Y57         LUT6 (Prop_lut6_I0_O)        0.124     2.469 r  cpu/counter_uut/exmem_RD2[31]_i_2/O
                         net (fo=72, routed)          2.279     4.748    cpu/counter_uut/idex_rs2_reg[4]_0
    SLICE_X83Y64         LUT2 (Prop_lut2_I0_O)        0.118     4.866 r  cpu/counter_uut/exmem_RD2[31]_i_5/O
                         net (fo=61, routed)          2.377     7.243    cpu/counter_uut/idex_rs2_reg[4]_1
    SLICE_X87Y69         LUT6 (Prop_lut6_I3_O)        0.326     7.569 r  cpu/counter_uut/exmem_RD2[15]_i_1/O
                         net (fo=2, routed)           1.421     8.989    cpu/counter_uut/idex_RD2_reg[15][3]
    SLICE_X79Y64         LUT3 (Prop_lut3_I0_O)        0.124     9.113 r  cpu/counter_uut/result2_carry__0_i_9/O
                         net (fo=11, routed)          1.067    10.180    cpu/alu_uut/result2_carry__0_0
    SLICE_X76Y68         LUT4 (Prop_lut4_I1_O)        0.124    10.304 r  cpu/alu_uut/result2_carry__0_i_1/O
                         net (fo=2, routed)           0.678    10.982    cpu/alu_uut/result2_carry__0_i_1_n_0
    SLICE_X75Y65         CARRY4 (Prop_carry4_DI[3]_CO[3])
                                                      0.385    11.367 r  cpu/alu_uut/result2_carry__0/CO[3]
                         net (fo=1, routed)           0.000    11.367    cpu/alu_uut/result2_carry__0_n_0
    SLICE_X75Y66         CARRY4 (Prop_carry4_CI_CO[3])
                                                      0.114    11.481 r  cpu/alu_uut/result2_carry__1/CO[3]
                         net (fo=1, routed)           0.000    11.481    cpu/alu_uut/result2_carry__1_n_0
    SLICE_X75Y67         CARRY4 (Prop_carry4_CI_CO[3])
                                                      0.114    11.595 r  cpu/alu_uut/result2_carry__2/CO[3]
                         net (fo=2, routed)           1.529    13.123    cpu/alu_uut/ex_flags[0]
    SLICE_X76Y61         LUT6 (Prop_lut6_I1_O)        0.124    13.247 f  cpu/alu_uut/idex_ext_imm[31]_i_9/O
                         net (fo=1, routed)           0.286    13.534    cpu/alu_uut/idex_ext_imm[31]_i_9_n_0
    SLICE_X76Y61         LUT3 (Prop_lut3_I1_O)        0.124    13.658 f  cpu/alu_uut/idex_ext_imm[31]_i_3/O
                         net (fo=35, routed)          1.612    15.269    cpu/alu_uut/idex_PCS_reg[1]
    SLICE_X83Y58         LUT5 (Prop_lut5_I1_O)        0.124    15.393 r  cpu/alu_uut/idex_ext_imm[31]_i_1/O
                         net (fo=158, routed)         3.879    19.272    cpu/idex_pc0
    SLICE_X87Y74         FDRE                                         r  cpu/idex_RD2_reg[25]/R
  -------------------------------------------------------------------    -------------------

Slack:                    inf
  Source:                 cpu/exmem_rd_reg[4]/C
                            (rising edge-triggered cell FDRE)
  Destination:            cpu/idex_RD2_reg[29]/R
  Path Group:             (none)
  Path Type:              Max at Slow Process Corner
  Data Path Delay:        19.272ns  (logic 2.381ns (12.355%)  route 16.891ns (87.645%))
  Logic Levels:           13  (CARRY4=3 FDRE=1 LUT2=1 LUT3=2 LUT4=1 LUT5=1 LUT6=4)

    Location             Delay type                Incr(ns)  Path(ns)    Netlist Resource(s)
  -------------------------------------------------------------------    -------------------
    SLICE_X86Y58         FDRE                         0.000     0.000 r  cpu/exmem_rd_reg[4]/C
    SLICE_X86Y58         FDRE (Prop_fdre_C_Q)         0.456     0.456 f  cpu/exmem_rd_reg[4]/Q
                         net (fo=4, routed)           1.257     1.713    cpu/counter_uut/exmem_RD2_reg[2]_1[4]
    SLICE_X87Y57         LUT6 (Prop_lut6_I4_O)        0.124     1.837 r  cpu/counter_uut/exmem_RD2[31]_i_7/O
                         net (fo=2, routed)           0.508     2.345    cpu/counter_uut/exmem_RD2[31]_i_7_n_0
    SLICE_X86Y57         LUT6 (Prop_lut6_I0_O)        0.124     2.469 r  cpu/counter_uut/exmem_RD2[31]_i_2/O
                         net (fo=72, routed)          2.279     4.748    cpu/counter_uut/idex_rs2_reg[4]_0
    SLICE_X83Y64         LUT2 (Prop_lut2_I0_O)        0.118     4.866 r  cpu/counter_uut/exmem_RD2[31]_i_5/O
                         net (fo=61, routed)          2.377     7.243    cpu/counter_uut/idex_rs2_reg[4]_1
    SLICE_X87Y69         LUT6 (Prop_lut6_I3_O)        0.326     7.569 r  cpu/counter_uut/exmem_RD2[15]_i_1/O
                         net (fo=2, routed)           1.421     8.989    cpu/counter_uut/idex_RD2_reg[15][3]
    SLICE_X79Y64         LUT3 (Prop_lut3_I0_O)        0.124     9.113 r  cpu/counter_uut/result2_carry__0_i_9/O
                         net (fo=11, routed)          1.067    10.180    cpu/alu_uut/result2_carry__0_0
    SLICE_X76Y68         LUT4 (Prop_lut4_I1_O)        0.124    10.304 r  cpu/alu_uut/result2_carry__0_i_1/O
                         net (fo=2, routed)           0.678    10.982    cpu/alu_uut/result2_carry__0_i_1_n_0
    SLICE_X75Y65         CARRY4 (Prop_carry4_DI[3]_CO[3])
                                                      0.385    11.367 r  cpu/alu_uut/result2_carry__0/CO[3]
                         net (fo=1, routed)           0.000    11.367    cpu/alu_uut/result2_carry__0_n_0
    SLICE_X75Y66         CARRY4 (Prop_carry4_CI_CO[3])
                                                      0.114    11.481 r  cpu/alu_uut/result2_carry__1/CO[3]
                         net (fo=1, routed)           0.000    11.481    cpu/alu_uut/result2_carry__1_n_0
    SLICE_X75Y67         CARRY4 (Prop_carry4_CI_CO[3])
                                                      0.114    11.595 r  cpu/alu_uut/result2_carry__2/CO[3]
                         net (fo=2, routed)           1.529    13.123    cpu/alu_uut/ex_flags[0]
    SLICE_X76Y61         LUT6 (Prop_lut6_I1_O)        0.124    13.247 f  cpu/alu_uut/idex_ext_imm[31]_i_9/O
                         net (fo=1, routed)           0.286    13.534    cpu/alu_uut/idex_ext_imm[31]_i_9_n_0
    SLICE_X76Y61         LUT3 (Prop_lut3_I1_O)        0.124    13.658 f  cpu/alu_uut/idex_ext_imm[31]_i_3/O
                         net (fo=35, routed)          1.612    15.269    cpu/alu_uut/idex_PCS_reg[1]
    SLICE_X83Y58         LUT5 (Prop_lut5_I1_O)        0.124    15.393 r  cpu/alu_uut/idex_ext_imm[31]_i_1/O
                         net (fo=158, routed)         3.879    19.272    cpu/idex_pc0
    SLICE_X87Y74         FDRE                                         r  cpu/idex_RD2_reg[29]/R
  -------------------------------------------------------------------    -------------------

Slack:                    inf
  Source:                 cpu/exmem_rd_reg[4]/C
                            (rising edge-triggered cell FDRE)
  Destination:            cpu/ifid_pc_reg[23]/R
  Path Group:             (none)
  Path Type:              Max at Slow Process Corner
  Data Path Delay:        18.790ns  (logic 2.407ns (12.810%)  route 16.383ns (87.190%))
  Logic Levels:           13  (CARRY4=3 FDRE=1 LUT2=2 LUT3=2 LUT4=1 LUT6=4)

    Location             Delay type                Incr(ns)  Path(ns)    Netlist Resource(s)
  -------------------------------------------------------------------    -------------------
    SLICE_X86Y58         FDRE                         0.000     0.000 r  cpu/exmem_rd_reg[4]/C
    SLICE_X86Y58         FDRE (Prop_fdre_C_Q)         0.456     0.456 f  cpu/exmem_rd_reg[4]/Q
                         net (fo=4, routed)           1.257     1.713    cpu/counter_uut/exmem_RD2_reg[2]_1[4]
    SLICE_X87Y57         LUT6 (Prop_lut6_I4_O)        0.124     1.837 r  cpu/counter_uut/exmem_RD2[31]_i_7/O
                         net (fo=2, routed)           0.508     2.345    cpu/counter_uut/exmem_RD2[31]_i_7_n_0
    SLICE_X86Y57         LUT6 (Prop_lut6_I0_O)        0.124     2.469 r  cpu/counter_uut/exmem_RD2[31]_i_2/O
                         net (fo=72, routed)          2.279     4.748    cpu/counter_uut/idex_rs2_reg[4]_0
    SLICE_X83Y64         LUT2 (Prop_lut2_I0_O)        0.118     4.866 r  cpu/counter_uut/exmem_RD2[31]_i_5/O
                         net (fo=61, routed)          2.377     7.243    cpu/counter_uut/idex_rs2_reg[4]_1
    SLICE_X87Y69         LUT6 (Prop_lut6_I3_O)        0.326     7.569 r  cpu/counter_uut/exmem_RD2[15]_i_1/O
                         net (fo=2, routed)           1.421     8.989    cpu/counter_uut/idex_RD2_reg[15][3]
    SLICE_X79Y64         LUT3 (Prop_lut3_I0_O)        0.124     9.113 r  cpu/counter_uut/result2_carry__0_i_9/O
                         net (fo=11, routed)          1.067    10.180    cpu/alu_uut/result2_carry__0_0
    SLICE_X76Y68         LUT4 (Prop_lut4_I1_O)        0.124    10.304 r  cpu/alu_uut/result2_carry__0_i_1/O
                         net (fo=2, routed)           0.678    10.982    cpu/alu_uut/result2_carry__0_i_1_n_0
    SLICE_X75Y65         CARRY4 (Prop_carry4_DI[3]_CO[3])
                                                      0.385    11.367 r  cpu/alu_uut/result2_carry__0/CO[3]
                         net (fo=1, routed)           0.000    11.367    cpu/alu_uut/result2_carry__0_n_0
    SLICE_X75Y66         CARRY4 (Prop_carry4_CI_CO[3])
                                                      0.114    11.481 r  cpu/alu_uut/result2_carry__1/CO[3]
                         net (fo=1, routed)           0.000    11.481    cpu/alu_uut/result2_carry__1_n_0
    SLICE_X75Y67         CARRY4 (Prop_carry4_CI_CO[3])
                                                      0.114    11.595 r  cpu/alu_uut/result2_carry__2/CO[3]
                         net (fo=2, routed)           1.529    13.123    cpu/alu_uut/ex_flags[0]
    SLICE_X76Y61         LUT6 (Prop_lut6_I1_O)        0.124    13.247 f  cpu/alu_uut/idex_ext_imm[31]_i_9/O
                         net (fo=1, routed)           0.286    13.534    cpu/alu_uut/idex_ext_imm[31]_i_9_n_0
    SLICE_X76Y61         LUT3 (Prop_lut3_I1_O)        0.124    13.658 f  cpu/alu_uut/idex_ext_imm[31]_i_3/O
                         net (fo=35, routed)          1.612    15.269    cpu/alu_uut/idex_PCS_reg[1]
    SLICE_X83Y58         LUT2 (Prop_lut2_I1_O)        0.150    15.419 r  cpu/alu_uut/ifid_pc[31]_i_1/O
                         net (fo=64, routed)          3.371    18.790    cpu/alu_uut_n_0
    SLICE_X77Y70         FDRE                                         r  cpu/ifid_pc_reg[23]/R
  -------------------------------------------------------------------    -------------------

Slack:                    inf
  Source:                 cpu/exmem_rd_reg[4]/C
                            (rising edge-triggered cell FDRE)
  Destination:            cpu/ifid_pc_reg[29]/R
  Path Group:             (none)
  Path Type:              Max at Slow Process Corner
  Data Path Delay:        18.790ns  (logic 2.407ns (12.810%)  route 16.383ns (87.190%))
  Logic Levels:           13  (CARRY4=3 FDRE=1 LUT2=2 LUT3=2 LUT4=1 LUT6=4)

    Location             Delay type                Incr(ns)  Path(ns)    Netlist Resource(s)
  -------------------------------------------------------------------    -------------------
    SLICE_X86Y58         FDRE                         0.000     0.000 r  cpu/exmem_rd_reg[4]/C
    SLICE_X86Y58         FDRE (Prop_fdre_C_Q)         0.456     0.456 f  cpu/exmem_rd_reg[4]/Q
                         net (fo=4, routed)           1.257     1.713    cpu/counter_uut/exmem_RD2_reg[2]_1[4]
    SLICE_X87Y57         LUT6 (Prop_lut6_I4_O)        0.124     1.837 r  cpu/counter_uut/exmem_RD2[31]_i_7/O
                         net (fo=2, routed)           0.508     2.345    cpu/counter_uut/exmem_RD2[31]_i_7_n_0
    SLICE_X86Y57         LUT6 (Prop_lut6_I0_O)        0.124     2.469 r  cpu/counter_uut/exmem_RD2[31]_i_2/O
                         net (fo=72, routed)          2.279     4.748    cpu/counter_uut/idex_rs2_reg[4]_0
    SLICE_X83Y64         LUT2 (Prop_lut2_I0_O)        0.118     4.866 r  cpu/counter_uut/exmem_RD2[31]_i_5/O
                         net (fo=61, routed)          2.377     7.243    cpu/counter_uut/idex_rs2_reg[4]_1
    SLICE_X87Y69         LUT6 (Prop_lut6_I3_O)        0.326     7.569 r  cpu/counter_uut/exmem_RD2[15]_i_1/O
                         net (fo=2, routed)           1.421     8.989    cpu/counter_uut/idex_RD2_reg[15][3]
    SLICE_X79Y64         LUT3 (Prop_lut3_I0_O)        0.124     9.113 r  cpu/counter_uut/result2_carry__0_i_9/O
                         net (fo=11, routed)          1.067    10.180    cpu/alu_uut/result2_carry__0_0
    SLICE_X76Y68         LUT4 (Prop_lut4_I1_O)        0.124    10.304 r  cpu/alu_uut/result2_carry__0_i_1/O
                         net (fo=2, routed)           0.678    10.982    cpu/alu_uut/result2_carry__0_i_1_n_0
    SLICE_X75Y65         CARRY4 (Prop_carry4_DI[3]_CO[3])
                                                      0.385    11.367 r  cpu/alu_uut/result2_carry__0/CO[3]
                         net (fo=1, routed)           0.000    11.367    cpu/alu_uut/result2_carry__0_n_0
    SLICE_X75Y66         CARRY4 (Prop_carry4_CI_CO[3])
                                                      0.114    11.481 r  cpu/alu_uut/result2_carry__1/CO[3]
                         net (fo=1, routed)           0.000    11.481    cpu/alu_uut/result2_carry__1_n_0
    SLICE_X75Y67         CARRY4 (Prop_carry4_CI_CO[3])
                                                      0.114    11.595 r  cpu/alu_uut/result2_carry__2/CO[3]
                         net (fo=2, routed)           1.529    13.123    cpu/alu_uut/ex_flags[0]
    SLICE_X76Y61         LUT6 (Prop_lut6_I1_O)        0.124    13.247 f  cpu/alu_uut/idex_ext_imm[31]_i_9/O
                         net (fo=1, routed)           0.286    13.534    cpu/alu_uut/idex_ext_imm[31]_i_9_n_0
    SLICE_X76Y61         LUT3 (Prop_lut3_I1_O)        0.124    13.658 f  cpu/alu_uut/idex_ext_imm[31]_i_3/O
                         net (fo=35, routed)          1.612    15.269    cpu/alu_uut/idex_PCS_reg[1]
    SLICE_X83Y58         LUT2 (Prop_lut2_I1_O)        0.150    15.419 r  cpu/alu_uut/ifid_pc[31]_i_1/O
                         net (fo=64, routed)          3.371    18.790    cpu/alu_uut_n_0
    SLICE_X77Y70         FDRE                                         r  cpu/ifid_pc_reg[29]/R
  -------------------------------------------------------------------    -------------------

Slack:                    inf
  Source:                 cpu/exmem_rd_reg[4]/C
                            (rising edge-triggered cell FDRE)
  Destination:            cpu/idex_RD1_reg[23]/R
  Path Group:             (none)
  Path Type:              Max at Slow Process Corner
  Data Path Delay:        18.771ns  (logic 2.381ns (12.684%)  route 16.390ns (87.316%))
  Logic Levels:           13  (CARRY4=3 FDRE=1 LUT2=1 LUT3=2 LUT4=1 LUT5=1 LUT6=4)

    Location             Delay type                Incr(ns)  Path(ns)    Netlist Resource(s)
  -------------------------------------------------------------------    -------------------
    SLICE_X86Y58         FDRE                         0.000     0.000 r  cpu/exmem_rd_reg[4]/C
    SLICE_X86Y58         FDRE (Prop_fdre_C_Q)         0.456     0.456 f  cpu/exmem_rd_reg[4]/Q
                         net (fo=4, routed)           1.257     1.713    cpu/counter_uut/exmem_RD2_reg[2]_1[4]
    SLICE_X87Y57         LUT6 (Prop_lut6_I4_O)        0.124     1.837 r  cpu/counter_uut/exmem_RD2[31]_i_7/O
                         net (fo=2, routed)           0.508     2.345    cpu/counter_uut/exmem_RD2[31]_i_7_n_0
    SLICE_X86Y57         LUT6 (Prop_lut6_I0_O)        0.124     2.469 r  cpu/counter_uut/exmem_RD2[31]_i_2/O
                         net (fo=72, routed)          2.279     4.748    cpu/counter_uut/idex_rs2_reg[4]_0
    SLICE_X83Y64         LUT2 (Prop_lut2_I0_O)        0.118     4.866 r  cpu/counter_uut/exmem_RD2[31]_i_5/O
                         net (fo=61, routed)          2.377     7.243    cpu/counter_uut/idex_rs2_reg[4]_1
    SLICE_X87Y69         LUT6 (Prop_lut6_I3_O)        0.326     7.569 r  cpu/counter_uut/exmem_RD2[15]_i_1/O
                         net (fo=2, routed)           1.421     8.989    cpu/counter_uut/idex_RD2_reg[15][3]
    SLICE_X79Y64         LUT3 (Prop_lut3_I0_O)        0.124     9.113 r  cpu/counter_uut/result2_carry__0_i_9/O
                         net (fo=11, routed)          1.067    10.180    cpu/alu_uut/result2_carry__0_0
    SLICE_X76Y68         LUT4 (Prop_lut4_I1_O)        0.124    10.304 r  cpu/alu_uut/result2_carry__0_i_1/O
                         net (fo=2, routed)           0.678    10.982    cpu/alu_uut/result2_carry__0_i_1_n_0
    SLICE_X75Y65         CARRY4 (Prop_carry4_DI[3]_CO[3])
                                                      0.385    11.367 r  cpu/alu_uut/result2_carry__0/CO[3]
                         net (fo=1, routed)           0.000    11.367    cpu/alu_uut/result2_carry__0_n_0
    SLICE_X75Y66         CARRY4 (Prop_carry4_CI_CO[3])
                                                      0.114    11.481 r  cpu/alu_uut/result2_carry__1/CO[3]
                         net (fo=1, routed)           0.000    11.481    cpu/alu_uut/result2_carry__1_n_0
    SLICE_X75Y67         CARRY4 (Prop_carry4_CI_CO[3])
                                                      0.114    11.595 r  cpu/alu_uut/result2_carry__2/CO[3]
                         net (fo=2, routed)           1.529    13.123    cpu/alu_uut/ex_flags[0]
    SLICE_X76Y61         LUT6 (Prop_lut6_I1_O)        0.124    13.247 f  cpu/alu_uut/idex_ext_imm[31]_i_9/O
                         net (fo=1, routed)           0.286    13.534    cpu/alu_uut/idex_ext_imm[31]_i_9_n_0
    SLICE_X76Y61         LUT3 (Prop_lut3_I1_O)        0.124    13.658 f  cpu/alu_uut/idex_ext_imm[31]_i_3/O
                         net (fo=35, routed)          1.612    15.269    cpu/alu_uut/idex_PCS_reg[1]
    SLICE_X83Y58         LUT5 (Prop_lut5_I1_O)        0.124    15.393 r  cpu/alu_uut/idex_ext_imm[31]_i_1/O
                         net (fo=158, routed)         3.378    18.771    cpu/idex_pc0
    SLICE_X85Y75         FDRE                                         r  cpu/idex_RD1_reg[23]/R
  -------------------------------------------------------------------    -------------------

Slack:                    inf
  Source:                 cpu/exmem_rd_reg[4]/C
                            (rising edge-triggered cell FDRE)
  Destination:            cpu/idex_RD1_reg[24]/R
  Path Group:             (none)
  Path Type:              Max at Slow Process Corner
  Data Path Delay:        18.771ns  (logic 2.381ns (12.684%)  route 16.390ns (87.316%))
  Logic Levels:           13  (CARRY4=3 FDRE=1 LUT2=1 LUT3=2 LUT4=1 LUT5=1 LUT6=4)

    Location             Delay type                Incr(ns)  Path(ns)    Netlist Resource(s)
  -------------------------------------------------------------------    -------------------
    SLICE_X86Y58         FDRE                         0.000     0.000 r  cpu/exmem_rd_reg[4]/C
    SLICE_X86Y58         FDRE (Prop_fdre_C_Q)         0.456     0.456 f  cpu/exmem_rd_reg[4]/Q
                         net (fo=4, routed)           1.257     1.713    cpu/counter_uut/exmem_RD2_reg[2]_1[4]
    SLICE_X87Y57         LUT6 (Prop_lut6_I4_O)        0.124     1.837 r  cpu/counter_uut/exmem_RD2[31]_i_7/O
                         net (fo=2, routed)           0.508     2.345    cpu/counter_uut/exmem_RD2[31]_i_7_n_0
    SLICE_X86Y57         LUT6 (Prop_lut6_I0_O)        0.124     2.469 r  cpu/counter_uut/exmem_RD2[31]_i_2/O
                         net (fo=72, routed)          2.279     4.748    cpu/counter_uut/idex_rs2_reg[4]_0
    SLICE_X83Y64         LUT2 (Prop_lut2_I0_O)        0.118     4.866 r  cpu/counter_uut/exmem_RD2[31]_i_5/O
                         net (fo=61, routed)          2.377     7.243    cpu/counter_uut/idex_rs2_reg[4]_1
    SLICE_X87Y69         LUT6 (Prop_lut6_I3_O)        0.326     7.569 r  cpu/counter_uut/exmem_RD2[15]_i_1/O
                         net (fo=2, routed)           1.421     8.989    cpu/counter_uut/idex_RD2_reg[15][3]
    SLICE_X79Y64         LUT3 (Prop_lut3_I0_O)        0.124     9.113 r  cpu/counter_uut/result2_carry__0_i_9/O
                         net (fo=11, routed)          1.067    10.180    cpu/alu_uut/result2_carry__0_0
    SLICE_X76Y68         LUT4 (Prop_lut4_I1_O)        0.124    10.304 r  cpu/alu_uut/result2_carry__0_i_1/O
                         net (fo=2, routed)           0.678    10.982    cpu/alu_uut/result2_carry__0_i_1_n_0
    SLICE_X75Y65         CARRY4 (Prop_carry4_DI[3]_CO[3])
                                                      0.385    11.367 r  cpu/alu_uut/result2_carry__0/CO[3]
                         net (fo=1, routed)           0.000    11.367    cpu/alu_uut/result2_carry__0_n_0
    SLICE_X75Y66         CARRY4 (Prop_carry4_CI_CO[3])
                                                      0.114    11.481 r  cpu/alu_uut/result2_carry__1/CO[3]
                         net (fo=1, routed)           0.000    11.481    cpu/alu_uut/result2_carry__1_n_0
    SLICE_X75Y67         CARRY4 (Prop_carry4_CI_CO[3])
                                                      0.114    11.595 r  cpu/alu_uut/result2_carry__2/CO[3]
                         net (fo=2, routed)           1.529    13.123    cpu/alu_uut/ex_flags[0]
    SLICE_X76Y61         LUT6 (Prop_lut6_I1_O)        0.124    13.247 f  cpu/alu_uut/idex_ext_imm[31]_i_9/O
                         net (fo=1, routed)           0.286    13.534    cpu/alu_uut/idex_ext_imm[31]_i_9_n_0
    SLICE_X76Y61         LUT3 (Prop_lut3_I1_O)        0.124    13.658 f  cpu/alu_uut/idex_ext_imm[31]_i_3/O
                         net (fo=35, routed)          1.612    15.269    cpu/alu_uut/idex_PCS_reg[1]
    SLICE_X83Y58         LUT5 (Prop_lut5_I1_O)        0.124    15.393 r  cpu/alu_uut/idex_ext_imm[31]_i_1/O
                         net (fo=158, routed)         3.378    18.771    cpu/idex_pc0
    SLICE_X84Y75         FDRE                                         r  cpu/idex_RD1_reg[24]/R
  -------------------------------------------------------------------    -------------------

Slack:                    inf
  Source:                 cpu/exmem_rd_reg[4]/C
                            (rising edge-triggered cell FDRE)
  Destination:            cpu/idex_RD1_reg[26]/R
  Path Group:             (none)
  Path Type:              Max at Slow Process Corner
  Data Path Delay:        18.771ns  (logic 2.381ns (12.684%)  route 16.390ns (87.316%))
  Logic Levels:           13  (CARRY4=3 FDRE=1 LUT2=1 LUT3=2 LUT4=1 LUT5=1 LUT6=4)

    Location             Delay type                Incr(ns)  Path(ns)    Netlist Resource(s)
  -------------------------------------------------------------------    -------------------
    SLICE_X86Y58         FDRE                         0.000     0.000 r  cpu/exmem_rd_reg[4]/C
    SLICE_X86Y58         FDRE (Prop_fdre_C_Q)         0.456     0.456 f  cpu/exmem_rd_reg[4]/Q
                         net (fo=4, routed)           1.257     1.713    cpu/counter_uut/exmem_RD2_reg[2]_1[4]
    SLICE_X87Y57         LUT6 (Prop_lut6_I4_O)        0.124     1.837 r  cpu/counter_uut/exmem_RD2[31]_i_7/O
                         net (fo=2, routed)           0.508     2.345    cpu/counter_uut/exmem_RD2[31]_i_7_n_0
    SLICE_X86Y57         LUT6 (Prop_lut6_I0_O)        0.124     2.469 r  cpu/counter_uut/exmem_RD2[31]_i_2/O
                         net (fo=72, routed)          2.279     4.748    cpu/counter_uut/idex_rs2_reg[4]_0
    SLICE_X83Y64         LUT2 (Prop_lut2_I0_O)        0.118     4.866 r  cpu/counter_uut/exmem_RD2[31]_i_5/O
                         net (fo=61, routed)          2.377     7.243    cpu/counter_uut/idex_rs2_reg[4]_1
    SLICE_X87Y69         LUT6 (Prop_lut6_I3_O)        0.326     7.569 r  cpu/counter_uut/exmem_RD2[15]_i_1/O
                         net (fo=2, routed)           1.421     8.989    cpu/counter_uut/idex_RD2_reg[15][3]
    SLICE_X79Y64         LUT3 (Prop_lut3_I0_O)        0.124     9.113 r  cpu/counter_uut/result2_carry__0_i_9/O
                         net (fo=11, routed)          1.067    10.180    cpu/alu_uut/result2_carry__0_0
    SLICE_X76Y68         LUT4 (Prop_lut4_I1_O)        0.124    10.304 r  cpu/alu_uut/result2_carry__0_i_1/O
                         net (fo=2, routed)           0.678    10.982    cpu/alu_uut/result2_carry__0_i_1_n_0
    SLICE_X75Y65         CARRY4 (Prop_carry4_DI[3]_CO[3])
                                                      0.385    11.367 r  cpu/alu_uut/result2_carry__0/CO[3]
                         net (fo=1, routed)           0.000    11.367    cpu/alu_uut/result2_carry__0_n_0
    SLICE_X75Y66         CARRY4 (Prop_carry4_CI_CO[3])
                                                      0.114    11.481 r  cpu/alu_uut/result2_carry__1/CO[3]
                         net (fo=1, routed)           0.000    11.481    cpu/alu_uut/result2_carry__1_n_0
    SLICE_X75Y67         CARRY4 (Prop_carry4_CI_CO[3])
                                                      0.114    11.595 r  cpu/alu_uut/result2_carry__2/CO[3]
                         net (fo=2, routed)           1.529    13.123    cpu/alu_uut/ex_flags[0]
    SLICE_X76Y61         LUT6 (Prop_lut6_I1_O)        0.124    13.247 f  cpu/alu_uut/idex_ext_imm[31]_i_9/O
                         net (fo=1, routed)           0.286    13.534    cpu/alu_uut/idex_ext_imm[31]_i_9_n_0
    SLICE_X76Y61         LUT3 (Prop_lut3_I1_O)        0.124    13.658 f  cpu/alu_uut/idex_ext_imm[31]_i_3/O
                         net (fo=35, routed)          1.612    15.269    cpu/alu_uut/idex_PCS_reg[1]
    SLICE_X83Y58         LUT5 (Prop_lut5_I1_O)        0.124    15.393 r  cpu/alu_uut/idex_ext_imm[31]_i_1/O
                         net (fo=158, routed)         3.378    18.771    cpu/idex_pc0
    SLICE_X84Y75         FDRE                                         r  cpu/idex_RD1_reg[26]/R
  -------------------------------------------------------------------    -------------------

Slack:                    inf
  Source:                 cpu/exmem_rd_reg[4]/C
                            (rising edge-triggered cell FDRE)
  Destination:            cpu/idex_RD2_reg[24]/R
  Path Group:             (none)
  Path Type:              Max at Slow Process Corner
  Data Path Delay:        18.771ns  (logic 2.381ns (12.684%)  route 16.390ns (87.316%))
  Logic Levels:           13  (CARRY4=3 FDRE=1 LUT2=1 LUT3=2 LUT4=1 LUT5=1 LUT6=4)

    Location             Delay type                Incr(ns)  Path(ns)    Netlist Resource(s)
  -------------------------------------------------------------------    -------------------
    SLICE_X86Y58         FDRE                         0.000     0.000 r  cpu/exmem_rd_reg[4]/C
    SLICE_X86Y58         FDRE (Prop_fdre_C_Q)         0.456     0.456 f  cpu/exmem_rd_reg[4]/Q
                         net (fo=4, routed)           1.257     1.713    cpu/counter_uut/exmem_RD2_reg[2]_1[4]
    SLICE_X87Y57         LUT6 (Prop_lut6_I4_O)        0.124     1.837 r  cpu/counter_uut/exmem_RD2[31]_i_7/O
                         net (fo=2, routed)           0.508     2.345    cpu/counter_uut/exmem_RD2[31]_i_7_n_0
    SLICE_X86Y57         LUT6 (Prop_lut6_I0_O)        0.124     2.469 r  cpu/counter_uut/exmem_RD2[31]_i_2/O
                         net (fo=72, routed)          2.279     4.748    cpu/counter_uut/idex_rs2_reg[4]_0
    SLICE_X83Y64         LUT2 (Prop_lut2_I0_O)        0.118     4.866 r  cpu/counter_uut/exmem_RD2[31]_i_5/O
                         net (fo=61, routed)          2.377     7.243    cpu/counter_uut/idex_rs2_reg[4]_1
    SLICE_X87Y69         LUT6 (Prop_lut6_I3_O)        0.326     7.569 r  cpu/counter_uut/exmem_RD2[15]_i_1/O
                         net (fo=2, routed)           1.421     8.989    cpu/counter_uut/idex_RD2_reg[15][3]
    SLICE_X79Y64         LUT3 (Prop_lut3_I0_O)        0.124     9.113 r  cpu/counter_uut/result2_carry__0_i_9/O
                         net (fo=11, routed)          1.067    10.180    cpu/alu_uut/result2_carry__0_0
    SLICE_X76Y68         LUT4 (Prop_lut4_I1_O)        0.124    10.304 r  cpu/alu_uut/result2_carry__0_i_1/O
                         net (fo=2, routed)           0.678    10.982    cpu/alu_uut/result2_carry__0_i_1_n_0
    SLICE_X75Y65         CARRY4 (Prop_carry4_DI[3]_CO[3])
                                                      0.385    11.367 r  cpu/alu_uut/result2_carry__0/CO[3]
                         net (fo=1, routed)           0.000    11.367    cpu/alu_uut/result2_carry__0_n_0
    SLICE_X75Y66         CARRY4 (Prop_carry4_CI_CO[3])
                                                      0.114    11.481 r  cpu/alu_uut/result2_carry__1/CO[3]
                         net (fo=1, routed)           0.000    11.481    cpu/alu_uut/result2_carry__1_n_0
    SLICE_X75Y67         CARRY4 (Prop_carry4_CI_CO[3])
                                                      0.114    11.595 r  cpu/alu_uut/result2_carry__2/CO[3]
                         net (fo=2, routed)           1.529    13.123    cpu/alu_uut/ex_flags[0]
    SLICE_X76Y61         LUT6 (Prop_lut6_I1_O)        0.124    13.247 f  cpu/alu_uut/idex_ext_imm[31]_i_9/O
                         net (fo=1, routed)           0.286    13.534    cpu/alu_uut/idex_ext_imm[31]_i_9_n_0
    SLICE_X76Y61         LUT3 (Prop_lut3_I1_O)        0.124    13.658 f  cpu/alu_uut/idex_ext_imm[31]_i_3/O
                         net (fo=35, routed)          1.612    15.269    cpu/alu_uut/idex_PCS_reg[1]
    SLICE_X83Y58         LUT5 (Prop_lut5_I1_O)        0.124    15.393 r  cpu/alu_uut/idex_ext_imm[31]_i_1/O
                         net (fo=158, routed)         3.378    18.771    cpu/idex_pc0
    SLICE_X84Y75         FDRE                                         r  cpu/idex_RD2_reg[24]/R
  -------------------------------------------------------------------    -------------------

Slack:                    inf
  Source:                 cpu/exmem_rd_reg[4]/C
                            (rising edge-triggered cell FDRE)
  Destination:            cpu/idex_RD2_reg[26]/R
  Path Group:             (none)
  Path Type:              Max at Slow Process Corner
  Data Path Delay:        18.771ns  (logic 2.381ns (12.684%)  route 16.390ns (87.316%))
  Logic Levels:           13  (CARRY4=3 FDRE=1 LUT2=1 LUT3=2 LUT4=1 LUT5=1 LUT6=4)

    Location             Delay type                Incr(ns)  Path(ns)    Netlist Resource(s)
  -------------------------------------------------------------------    -------------------
    SLICE_X86Y58         FDRE                         0.000     0.000 r  cpu/exmem_rd_reg[4]/C
    SLICE_X86Y58         FDRE (Prop_fdre_C_Q)         0.456     0.456 f  cpu/exmem_rd_reg[4]/Q
                         net (fo=4, routed)           1.257     1.713    cpu/counter_uut/exmem_RD2_reg[2]_1[4]
    SLICE_X87Y57         LUT6 (Prop_lut6_I4_O)        0.124     1.837 r  cpu/counter_uut/exmem_RD2[31]_i_7/O
                         net (fo=2, routed)           0.508     2.345    cpu/counter_uut/exmem_RD2[31]_i_7_n_0
    SLICE_X86Y57         LUT6 (Prop_lut6_I0_O)        0.124     2.469 r  cpu/counter_uut/exmem_RD2[31]_i_2/O
                         net (fo=72, routed)          2.279     4.748    cpu/counter_uut/idex_rs2_reg[4]_0
    SLICE_X83Y64         LUT2 (Prop_lut2_I0_O)        0.118     4.866 r  cpu/counter_uut/exmem_RD2[31]_i_5/O
                         net (fo=61, routed)          2.377     7.243    cpu/counter_uut/idex_rs2_reg[4]_1
    SLICE_X87Y69         LUT6 (Prop_lut6_I3_O)        0.326     7.569 r  cpu/counter_uut/exmem_RD2[15]_i_1/O
                         net (fo=2, routed)           1.421     8.989    cpu/counter_uut/idex_RD2_reg[15][3]
    SLICE_X79Y64         LUT3 (Prop_lut3_I0_O)        0.124     9.113 r  cpu/counter_uut/result2_carry__0_i_9/O
                         net (fo=11, routed)          1.067    10.180    cpu/alu_uut/result2_carry__0_0
    SLICE_X76Y68         LUT4 (Prop_lut4_I1_O)        0.124    10.304 r  cpu/alu_uut/result2_carry__0_i_1/O
                         net (fo=2, routed)           0.678    10.982    cpu/alu_uut/result2_carry__0_i_1_n_0
    SLICE_X75Y65         CARRY4 (Prop_carry4_DI[3]_CO[3])
                                                      0.385    11.367 r  cpu/alu_uut/result2_carry__0/CO[3]
                         net (fo=1, routed)           0.000    11.367    cpu/alu_uut/result2_carry__0_n_0
    SLICE_X75Y66         CARRY4 (Prop_carry4_CI_CO[3])
                                                      0.114    11.481 r  cpu/alu_uut/result2_carry__1/CO[3]
                         net (fo=1, routed)           0.000    11.481    cpu/alu_uut/result2_carry__1_n_0
    SLICE_X75Y67         CARRY4 (Prop_carry4_CI_CO[3])
                                                      0.114    11.595 r  cpu/alu_uut/result2_carry__2/CO[3]
                         net (fo=2, routed)           1.529    13.123    cpu/alu_uut/ex_flags[0]
    SLICE_X76Y61         LUT6 (Prop_lut6_I1_O)        0.124    13.247 f  cpu/alu_uut/idex_ext_imm[31]_i_9/O
                         net (fo=1, routed)           0.286    13.534    cpu/alu_uut/idex_ext_imm[31]_i_9_n_0
    SLICE_X76Y61         LUT3 (Prop_lut3_I1_O)        0.124    13.658 f  cpu/alu_uut/idex_ext_imm[31]_i_3/O
                         net (fo=35, routed)          1.612    15.269    cpu/alu_uut/idex_PCS_reg[1]
    SLICE_X83Y58         LUT5 (Prop_lut5_I1_O)        0.124    15.393 r  cpu/alu_uut/idex_ext_imm[31]_i_1/O
                         net (fo=158, routed)         3.378    18.771    cpu/idex_pc0
    SLICE_X84Y75         FDRE                                         r  cpu/idex_RD2_reg[26]/R
  -------------------------------------------------------------------    -------------------





Min Delay Paths
--------------------------------------------------------------------------------------
Slack:                    inf
  Source:                 cpu/ifid_pc_reg[29]/C
                            (rising edge-triggered cell FDRE)
  Destination:            cpu/idex_pc_reg[29]/D
  Path Group:             (none)
  Path Type:              Min at Fast Process Corner
  Data Path Delay:        0.251ns  (logic 0.141ns (56.174%)  route 0.110ns (43.826%))
  Logic Levels:           1  (FDRE=1)

    Location             Delay type                Incr(ns)  Path(ns)    Netlist Resource(s)
  -------------------------------------------------------------------    -------------------
    SLICE_X77Y70         FDRE                         0.000     0.000 r  cpu/ifid_pc_reg[29]/C
    SLICE_X77Y70         FDRE (Prop_fdre_C_Q)         0.141     0.141 r  cpu/ifid_pc_reg[29]/Q
                         net (fo=1, routed)           0.110     0.251    cpu/ifid_pc[29]
    SLICE_X77Y71         FDRE                                         r  cpu/idex_pc_reg[29]/D
  -------------------------------------------------------------------    -------------------

Slack:                    inf
  Source:                 cpu/exmem_pc_reg[3]/C
                            (rising edge-triggered cell FDRE)
  Destination:            cpu/memwb_pc_reg[3]/D
  Path Group:             (none)
  Path Type:              Min at Fast Process Corner
  Data Path Delay:        0.251ns  (logic 0.141ns (56.105%)  route 0.110ns (43.895%))
  Logic Levels:           1  (FDRE=1)

    Location             Delay type                Incr(ns)  Path(ns)    Netlist Resource(s)
  -------------------------------------------------------------------    -------------------
    SLICE_X83Y64         FDRE                         0.000     0.000 r  cpu/exmem_pc_reg[3]/C
    SLICE_X83Y64         FDRE (Prop_fdre_C_Q)         0.141     0.141 r  cpu/exmem_pc_reg[3]/Q
                         net (fo=2, routed)           0.110     0.251    cpu/exmem_pc[3]
    SLICE_X85Y65         FDRE                                         r  cpu/memwb_pc_reg[3]/D
  -------------------------------------------------------------------    -------------------

Slack:                    inf
  Source:                 cpu/exmem_RD2_reg[27]/C
                            (rising edge-triggered cell FDRE)
  Destination:            data_memory_reg_0_255_27_27/RAMS64E_A/I
  Path Group:             (none)
  Path Type:              Min at Fast Process Corner
  Data Path Delay:        0.252ns  (logic 0.141ns (55.979%)  route 0.111ns (44.021%))
  Logic Levels:           1  (FDRE=1)

    Location             Delay type                Incr(ns)  Path(ns)    Netlist Resource(s)
  -------------------------------------------------------------------    -------------------
    SLICE_X87Y73         FDRE                         0.000     0.000 r  cpu/exmem_RD2_reg[27]/C
    SLICE_X87Y73         FDRE (Prop_fdre_C_Q)         0.141     0.141 r  cpu/exmem_RD2_reg[27]/Q
                         net (fo=5, routed)           0.111     0.252    data_memory_reg_0_255_27_27/D
    SLICE_X88Y72         RAMS64E                                      r  data_memory_reg_0_255_27_27/RAMS64E_A/I
  -------------------------------------------------------------------    -------------------

Slack:                    inf
  Source:                 cpu/exmem_RD2_reg[27]/C
                            (rising edge-triggered cell FDRE)
  Destination:            data_memory_reg_0_255_27_27/RAMS64E_B/I
  Path Group:             (none)
  Path Type:              Min at Fast Process Corner
  Data Path Delay:        0.252ns  (logic 0.141ns (55.979%)  route 0.111ns (44.021%))
  Logic Levels:           1  (FDRE=1)

    Location             Delay type                Incr(ns)  Path(ns)    Netlist Resource(s)
  -------------------------------------------------------------------    -------------------
    SLICE_X87Y73         FDRE                         0.000     0.000 r  cpu/exmem_RD2_reg[27]/C
    SLICE_X87Y73         FDRE (Prop_fdre_C_Q)         0.141     0.141 r  cpu/exmem_RD2_reg[27]/Q
                         net (fo=5, routed)           0.111     0.252    data_memory_reg_0_255_27_27/D
    SLICE_X88Y72         RAMS64E                                      r  data_memory_reg_0_255_27_27/RAMS64E_B/I
  -------------------------------------------------------------------    -------------------

Slack:                    inf
  Source:                 cpu/exmem_RD2_reg[27]/C
                            (rising edge-triggered cell FDRE)
  Destination:            data_memory_reg_0_255_27_27/RAMS64E_C/I
  Path Group:             (none)
  Path Type:              Min at Fast Process Corner
  Data Path Delay:        0.252ns  (logic 0.141ns (55.979%)  route 0.111ns (44.021%))
  Logic Levels:           1  (FDRE=1)

    Location             Delay type                Incr(ns)  Path(ns)    Netlist Resource(s)
  -------------------------------------------------------------------    -------------------
    SLICE_X87Y73         FDRE                         0.000     0.000 r  cpu/exmem_RD2_reg[27]/C
    SLICE_X87Y73         FDRE (Prop_fdre_C_Q)         0.141     0.141 r  cpu/exmem_RD2_reg[27]/Q
                         net (fo=5, routed)           0.111     0.252    data_memory_reg_0_255_27_27/D
    SLICE_X88Y72         RAMS64E                                      r  data_memory_reg_0_255_27_27/RAMS64E_C/I
  -------------------------------------------------------------------    -------------------

Slack:                    inf
  Source:                 cpu/exmem_RD2_reg[27]/C
                            (rising edge-triggered cell FDRE)
  Destination:            data_memory_reg_0_255_27_27/RAMS64E_D/I
  Path Group:             (none)
  Path Type:              Min at Fast Process Corner
  Data Path Delay:        0.252ns  (logic 0.141ns (55.979%)  route 0.111ns (44.021%))
  Logic Levels:           1  (FDRE=1)

    Location             Delay type                Incr(ns)  Path(ns)    Netlist Resource(s)
  -------------------------------------------------------------------    -------------------
    SLICE_X87Y73         FDRE                         0.000     0.000 r  cpu/exmem_RD2_reg[27]/C
    SLICE_X87Y73         FDRE (Prop_fdre_C_Q)         0.141     0.141 r  cpu/exmem_RD2_reg[27]/Q
                         net (fo=5, routed)           0.111     0.252    data_memory_reg_0_255_27_27/D
    SLICE_X88Y72         RAMS64E                                      r  data_memory_reg_0_255_27_27/RAMS64E_D/I
  -------------------------------------------------------------------    -------------------

Slack:                    inf
  Source:                 cpu/ifid_pc_reg[9]/C
                            (rising edge-triggered cell FDRE)
  Destination:            cpu/idex_pc_reg[9]/D
  Path Group:             (none)
  Path Type:              Min at Fast Process Corner
  Data Path Delay:        0.252ns  (logic 0.128ns (50.775%)  route 0.124ns (49.225%))
  Logic Levels:           1  (FDRE=1)

    Location             Delay type                Incr(ns)  Path(ns)    Netlist Resource(s)
  -------------------------------------------------------------------    -------------------
    SLICE_X82Y59         FDRE                         0.000     0.000 r  cpu/ifid_pc_reg[9]/C
    SLICE_X82Y59         FDRE (Prop_fdre_C_Q)         0.128     0.128 r  cpu/ifid_pc_reg[9]/Q
                         net (fo=1, routed)           0.124     0.252    cpu/ifid_pc[9]
    SLICE_X83Y59         FDRE                                         r  cpu/idex_pc_reg[9]/D
  -------------------------------------------------------------------    -------------------

Slack:                    inf
  Source:                 cpu/exmem_RD2_reg[15]/C
                            (rising edge-triggered cell FDRE)
  Destination:            data_memory_reg_0_255_15_15/RAMS64E_A/I
  Path Group:             (none)
  Path Type:              Min at Fast Process Corner
  Data Path Delay:        0.252ns  (logic 0.128ns (50.741%)  route 0.124ns (49.259%))
  Logic Levels:           1  (FDRE=1)

    Location             Delay type                Incr(ns)  Path(ns)    Netlist Resource(s)
  -------------------------------------------------------------------    -------------------
    SLICE_X87Y67         FDRE                         0.000     0.000 r  cpu/exmem_RD2_reg[15]/C
    SLICE_X87Y67         FDRE (Prop_fdre_C_Q)         0.128     0.128 r  cpu/exmem_RD2_reg[15]/Q
                         net (fo=6, routed)           0.124     0.252    data_memory_reg_0_255_15_15/D
    SLICE_X88Y67         RAMS64E                                      r  data_memory_reg_0_255_15_15/RAMS64E_A/I
  -------------------------------------------------------------------    -------------------

Slack:                    inf
  Source:                 cpu/exmem_RD2_reg[15]/C
                            (rising edge-triggered cell FDRE)
  Destination:            data_memory_reg_0_255_15_15/RAMS64E_B/I
  Path Group:             (none)
  Path Type:              Min at Fast Process Corner
  Data Path Delay:        0.252ns  (logic 0.128ns (50.741%)  route 0.124ns (49.259%))
  Logic Levels:           1  (FDRE=1)

    Location             Delay type                Incr(ns)  Path(ns)    Netlist Resource(s)
  -------------------------------------------------------------------    -------------------
    SLICE_X87Y67         FDRE                         0.000     0.000 r  cpu/exmem_RD2_reg[15]/C
    SLICE_X87Y67         FDRE (Prop_fdre_C_Q)         0.128     0.128 r  cpu/exmem_RD2_reg[15]/Q
                         net (fo=6, routed)           0.124     0.252    data_memory_reg_0_255_15_15/D
    SLICE_X88Y67         RAMS64E                                      r  data_memory_reg_0_255_15_15/RAMS64E_B/I
  -------------------------------------------------------------------    -------------------

Slack:                    inf
  Source:                 cpu/exmem_RD2_reg[15]/C
                            (rising edge-triggered cell FDRE)
  Destination:            data_memory_reg_0_255_15_15/RAMS64E_C/I
  Path Group:             (none)
  Path Type:              Min at Fast Process Corner
  Data Path Delay:        0.252ns  (logic 0.128ns (50.741%)  route 0.124ns (49.259%))
  Logic Levels:           1  (FDRE=1)

    Location             Delay type                Incr(ns)  Path(ns)    Netlist Resource(s)
  -------------------------------------------------------------------    -------------------
    SLICE_X87Y67         FDRE                         0.000     0.000 r  cpu/exmem_RD2_reg[15]/C
    SLICE_X87Y67         FDRE (Prop_fdre_C_Q)         0.128     0.128 r  cpu/exmem_RD2_reg[15]/Q
                         net (fo=6, routed)           0.124     0.252    data_memory_reg_0_255_15_15/D
    SLICE_X88Y67         RAMS64E                                      r  data_memory_reg_0_255_15_15/RAMS64E_C/I
  -------------------------------------------------------------------    -------------------





