Copyright 1986-2022 Xilinx, Inc. All Rights Reserved. Copyright 2022-2023 Advanced Micro Devices, Inc. All Rights Reserved.
---------------------------------------------------------------------------------------------------------------------------------------------
| Tool Version : Vivado v.2023.2 (lin64) Build 4029153 Fri Oct 13 20:13:54 MDT 2023
| Date         : Sun Apr 12 15:34:01 2026
| Host         : krithikh-ThinkPad-P1-Gen-7 running 64-bit Ubuntu 22.04.5 LTS
| Command      : report_drc -file Top_MMC_drc_routed.rpt -pb Top_MMC_drc_routed.pb -rpx Top_MMC_drc_routed.rpx
| Design       : Top_MMC
| Device       : xc7a100tcsg324-1
| Speed File   : -1
| Design State : Fully Routed
---------------------------------------------------------------------------------------------------------------------------------------------

Report DRC

Table of Contents
-----------------
1. REPORT SUMMARY
2. REPORT DETAILS

1. REPORT SUMMARY
-----------------
            Netlist: netlist
          Floorplan: design_1
      Design limits: <entire design considered>
           Ruledeck: default
             Max violations: <unlimited>
             Violations found: 2
+----------+----------+-------------------+------------+
| Rule     | Severity | Description       | Violations |
+----------+----------+-------------------+------------+
| PDRC-153 | Warning  | Gated clock check | 2          |
+----------+----------+-------------------+------------+

2. REPORT DETAILS
-----------------
PDRC-153#1 Warning
Gated clock check  
Net cpu/program_counter_uut/pc_reg[5]_13 is a gated clock net sourced by a combinational pin cpu/program_counter_uut/alu_control_reg[0]_i_2/O, cell cpu/program_counter_uut/alu_control_reg[0]_i_2. This is not good design practice and will likely impact performance. For SLICE registers, for example, use the CE pin to control the loading of data.
Related violations: <none>

PDRC-153#2 Warning
Gated clock check  
Net cpu/program_counter_uut/pc_reg[5]_14[0] is a gated clock net sourced by a combinational pin cpu/program_counter_uut/imm_src_reg[2]_i_2/O, cell cpu/program_counter_uut/imm_src_reg[2]_i_2. This is not good design practice and will likely impact performance. For SLICE registers, for example, use the CE pin to control the loading of data.
Related violations: <none>


