#-----------------------------------------------------------
# Vivado v2023.2 (64-bit)
# SW Build 4029153 on Fri Oct 13 20:14:34 MDT 2023
# IP Build 4028589 on Sat Oct 14 00:45:43 MDT 2023
# SharedData Build 4025554 on Tue Oct 10 17:18:54 MDT 2023
# Start of session at: Fri Apr 10 09:39:51 2026
# Process ID: 17388
# Current directory: C:/Users/NUS/AppData/Roaming/Xilinx/Vivado
# Command line: vivado.exe -gui_launcher_event rodinguilauncherevent17040
# Log file: C:/Users/NUS/AppData/Roaming/Xilinx/Vivado/vivado.log
# Journal file: C:/Users/NUS/AppData/Roaming/Xilinx/Vivado\vivado.jou
# Running On: ELE-CWQ91D3, OS: Windows, CPU Frequency: 3096 MHz, CPU Physical cores: 6, Host memory: 8291 MB
#-----------------------------------------------------------
start_gui
open_project C:/Users/NUS/week8new/week8new.xpr
update_compile_order -fileset sources_1
archive_project C:/Users/NUS/Downloads/week8new.xpr.zip -temp_dir C:/Users/NUS/AppData/Roaming/Xilinx/Vivado/.Xil/Vivado-17388-ELE-CWQ91D3 -force -include_local_ip_cache
