INFO: [VRFC 10-2263] Analyzing SystemVerilog file "C:/Users/NUS/week8new/week8new.srcs/sources_1/imports/Downloads/ALU.sv" into library xil_defaultlib
INFO: [VRFC 10-311] analyzing module ALU
INFO: [VRFC 10-2263] Analyzing SystemVerilog file "C:/Users/NUS/week8new/week8new.srcs/sources_1/imports/Downloads/Decoder.sv" into library xil_defaultlib
INFO: [VRFC 10-311] analyzing module Decoder
INFO: [VRFC 10-2263] Analyzing SystemVerilog file "C:/Users/NUS/week8new/week8new.srcs/sources_1/imports/Downloads/Extend.sv" into library xil_defaultlib
INFO: [VRFC 10-311] analyzing module Extend
INFO: [VRFC 10-2263] Analyzing SystemVerilog file "C:/Users/NUS/week8new/week8new.srcs/sources_1/imports/Downloads/PC_Logic.sv" into library xil_defaultlib
INFO: [VRFC 10-311] analyzing module PC_Logic
INFO: [VRFC 10-2263] Analyzing SystemVerilog file "C:/Users/NUS/week8new/week8new.srcs/sources_1/imports/Downloads/ProgramCounter.sv" into library xil_defaultlib
INFO: [VRFC 10-311] analyzing module ProgramCounter
INFO: [VRFC 10-2263] Analyzing SystemVerilog file "C:/Users/NUS/week8new/week8new.srcs/sources_1/imports/Downloads/RISCV_MMC.sv" into library xil_defaultlib
INFO: [VRFC 10-311] analyzing module RISCV_MMC
WARNING: [VRFC 10-3380] identifier 'mem_to_reg' is used before its declaration [C:/Users/NUS/week8new/week8new.srcs/sources_1/imports/Downloads/RISCV_MMC.sv:36]
WARNING: [VRFC 10-3380] identifier 'result' is used before its declaration [C:/Users/NUS/week8new/week8new.srcs/sources_1/imports/Downloads/RISCV_MMC.sv:37]
WARNING: [VRFC 10-3380] identifier 'pc' is used before its declaration [C:/Users/NUS/week8new/week8new.srcs/sources_1/imports/Downloads/RISCV_MMC.sv:38]
WARNING: [VRFC 10-3380] identifier 'RD2' is used before its declaration [C:/Users/NUS/week8new/week8new.srcs/sources_1/imports/Downloads/RISCV_MMC.sv:39]
INFO: [VRFC 10-2263] Analyzing SystemVerilog file "C:/Users/NUS/week8new/week8new.srcs/sources_1/imports/Downloads/RegFile.sv" into library xil_defaultlib
INFO: [VRFC 10-311] analyzing module RegFile
INFO: [VRFC 10-2263] Analyzing SystemVerilog file "C:/Users/NUS/week8new/week8new.srcs/sources_1/imports/Downloads/SevenSegDecoder.sv" into library xil_defaultlib
INFO: [VRFC 10-311] analyzing module SevenSegDecoder
INFO: [VRFC 10-2263] Analyzing SystemVerilog file "C:/Users/NUS/week8new/week8new.srcs/sources_1/imports/Downloads/Top_MMC.sv" into library xil_defaultlib
INFO: [VRFC 10-311] analyzing module Top_MMC
INFO: [VRFC 10-2263] Analyzing SystemVerilog file "C:/Users/NUS/week8new/week8new.srcs/sources_1/imports/Downloads/Top_Test.sv" into library xil_defaultlib
INFO: [VRFC 10-311] analyzing module Top_Test
