Vivado Simulator v2023.2
Copyright 1986-2022 Xilinx, Inc. All Rights Reserved.
Copyright 2022-2023 Advanced Micro Devices, Inc. All Rights Reserved.
Running: C:/Xilinx/Vivado/2023.2/bin/unwrapped/win64.o/xelab.exe --incr --debug typical --relax --mt 2 -L xil_defaultlib -L uvm -L unisims_ver -L unimacro_ver -L secureip --snapshot Top_Test_behav xil_defaultlib.Top_Test xil_defaultlib.glbl -log elaborate.log 
Using 2 slave threads.
Starting static elaboration
Pass Through NonSizing Optimizer
WARNING: [VRFC 10-3091] actual bit length 4 differs from formal bit length 3 for port 'flags' [C:/Users/NUS/week8new/week8new.srcs/sources_1/imports/Downloads/RISCV_MMC.sv:74]
WARNING: [VRFC 10-3091] actual bit length 4 differs from formal bit length 3 for port 'alu_flags' [C:/Users/NUS/week8new/week8new.srcs/sources_1/imports/Downloads/RISCV_MMC.sv:93]
Completed static elaboration
Starting simulation data flow analysis
Completed simulation data flow analysis
Time Resolution for simulation is 1ps
Compiling module xil_defaultlib.SevenSegDecoder
Compiling module xil_defaultlib.Extend
Compiling module xil_defaultlib.Decoder
Compiling module xil_defaultlib.ALU
Compiling module xil_defaultlib.RegFile
Compiling module xil_defaultlib.PC_Logic
Compiling module xil_defaultlib.ProgramCounter
Compiling module xil_defaultlib.RISCV_MMC
Compiling module xil_defaultlib.Top_MMC
Compiling module xil_defaultlib.Top_Test
Compiling module xil_defaultlib.glbl
Built simulation snapshot Top_Test_behav
